Archive member included to satisfy reference by file (symbol)

/Applications/Ac6/SystemWorkbench.app/Contents/Eclipse/plugins/fr.ac6.mcu.externaltools.arm-none.macos64_1.17.0.201812190825/tools/compiler/bin/../lib/gcc/arm-none-eabi/7.3.1/thumb/v7-m/libgcc.a(_arm_addsubdf3.o)
                              Src/Fun_Menu.o (__aeabi_f2d)
/Applications/Ac6/SystemWorkbench.app/Contents/Eclipse/plugins/fr.ac6.mcu.externaltools.arm-none.macos64_1.17.0.201812190825/tools/compiler/bin/../lib/gcc/arm-none-eabi/7.3.1/thumb/v7-m/libgcc.a(_arm_addsubsf3.o)
                              Src/CC1101.o (__aeabi_ui2f)
/Applications/Ac6/SystemWorkbench.app/Contents/Eclipse/plugins/fr.ac6.mcu.externaltools.arm-none.macos64_1.17.0.201812190825/tools/compiler/bin/../lib/gcc/arm-none-eabi/7.3.1/thumb/v7-m/libgcc.a(_arm_muldivsf3.o)
                              Src/CC1101.o (__aeabi_fmul)
/Applications/Ac6/SystemWorkbench.app/Contents/Eclipse/plugins/fr.ac6.mcu.externaltools.arm-none.macos64_1.17.0.201812190825/tools/compiler/bin/../lib/gcc/arm-none-eabi/7.3.1/thumb/v7-m/libgcc.a(_arm_fixunssfsi.o)
                              Src/CC1101.o (__aeabi_f2uiz)
/Applications/Ac6/SystemWorkbench.app/Contents/Eclipse/plugins/fr.ac6.mcu.externaltools.arm-none.macos64_1.17.0.201812190825/tools/compiler/bin/../lib/gcc/arm-none-eabi/7.3.1/../../../../arm-none-eabi/lib/thumb/v7-m/libc_nano.a(lib_a-errno.o)
                              Src/syscalls.o (__errno)
/Applications/Ac6/SystemWorkbench.app/Contents/Eclipse/plugins/fr.ac6.mcu.externaltools.arm-none.macos64_1.17.0.201812190825/tools/compiler/bin/../lib/gcc/arm-none-eabi/7.3.1/../../../../arm-none-eabi/lib/thumb/v7-m/libc_nano.a(lib_a-exit.o)
                              /Applications/Ac6/SystemWorkbench.app/Contents/Eclipse/plugins/fr.ac6.mcu.externaltools.arm-none.macos64_1.17.0.201812190825/tools/compiler/bin/../lib/gcc/arm-none-eabi/7.3.1/../../../../arm-none-eabi/lib/thumb/v7-m/crt0.o (exit)
/Applications/Ac6/SystemWorkbench.app/Contents/Eclipse/plugins/fr.ac6.mcu.externaltools.arm-none.macos64_1.17.0.201812190825/tools/compiler/bin/../lib/gcc/arm-none-eabi/7.3.1/../../../../arm-none-eabi/lib/thumb/v7-m/libc_nano.a(lib_a-impure.o)
                              /Applications/Ac6/SystemWorkbench.app/Contents/Eclipse/plugins/fr.ac6.mcu.externaltools.arm-none.macos64_1.17.0.201812190825/tools/compiler/bin/../lib/gcc/arm-none-eabi/7.3.1/../../../../arm-none-eabi/lib/thumb/v7-m/libc_nano.a(lib_a-exit.o) (_global_impure_ptr)
/Applications/Ac6/SystemWorkbench.app/Contents/Eclipse/plugins/fr.ac6.mcu.externaltools.arm-none.macos64_1.17.0.201812190825/tools/compiler/bin/../lib/gcc/arm-none-eabi/7.3.1/../../../../arm-none-eabi/lib/thumb/v7-m/libc_nano.a(lib_a-init.o)
                              /Applications/Ac6/SystemWorkbench.app/Contents/Eclipse/plugins/fr.ac6.mcu.externaltools.arm-none.macos64_1.17.0.201812190825/tools/compiler/bin/../lib/gcc/arm-none-eabi/7.3.1/../../../../arm-none-eabi/lib/thumb/v7-m/crt0.o (__libc_init_array)
/Applications/Ac6/SystemWorkbench.app/Contents/Eclipse/plugins/fr.ac6.mcu.externaltools.arm-none.macos64_1.17.0.201812190825/tools/compiler/bin/../lib/gcc/arm-none-eabi/7.3.1/../../../../arm-none-eabi/lib/thumb/v7-m/libc_nano.a(lib_a-memset.o)
                              /Applications/Ac6/SystemWorkbench.app/Contents/Eclipse/plugins/fr.ac6.mcu.externaltools.arm-none.macos64_1.17.0.201812190825/tools/compiler/bin/../lib/gcc/arm-none-eabi/7.3.1/../../../../arm-none-eabi/lib/thumb/v7-m/crt0.o (memset)
/Applications/Ac6/SystemWorkbench.app/Contents/Eclipse/plugins/fr.ac6.mcu.externaltools.arm-none.macos64_1.17.0.201812190825/tools/compiler/bin/../lib/gcc/arm-none-eabi/7.3.1/../../../../arm-none-eabi/lib/thumb/v7-m/libc_nano.a(lib_a-nano-vfprintf_float.o)
                              (_printf_float)
/Applications/Ac6/SystemWorkbench.app/Contents/Eclipse/plugins/fr.ac6.mcu.externaltools.arm-none.macos64_1.17.0.201812190825/tools/compiler/bin/../lib/gcc/arm-none-eabi/7.3.1/../../../../arm-none-eabi/lib/thumb/v7-m/libc_nano.a(lib_a-nano-vfprintf_i.o)
                              /Applications/Ac6/SystemWorkbench.app/Contents/Eclipse/plugins/fr.ac6.mcu.externaltools.arm-none.macos64_1.17.0.201812190825/tools/compiler/bin/../lib/gcc/arm-none-eabi/7.3.1/../../../../arm-none-eabi/lib/thumb/v7-m/libc_nano.a(lib_a-nano-vfprintf_float.o) (_printf_common)
/Applications/Ac6/SystemWorkbench.app/Contents/Eclipse/plugins/fr.ac6.mcu.externaltools.arm-none.macos64_1.17.0.201812190825/tools/compiler/bin/../lib/gcc/arm-none-eabi/7.3.1/../../../../arm-none-eabi/lib/thumb/v7-m/libc_nano.a(lib_a-snprintf.o)
                              Src/433Modem.o (snprintf)
/Applications/Ac6/SystemWorkbench.app/Contents/Eclipse/plugins/fr.ac6.mcu.externaltools.arm-none.macos64_1.17.0.201812190825/tools/compiler/bin/../lib/gcc/arm-none-eabi/7.3.1/../../../../arm-none-eabi/lib/thumb/v7-m/libc_nano.a(lib_a-strlen.o)
                              Src/433Modem.o (strlen)
[...]
Memory Configuration

Name             Origin             Length             Attributes
RAM              0x0000000020000000 0x0000000000005000 xrw
FLASH            0x0000000008000000 0x0000000000010000 xr
*default*        0x0000000000000000 0xffffffffffffffff

Linker script and memory map

LOAD /Applications/Ac6/SystemWorkbench.app/Contents/Eclipse/plugins/fr.ac6.mcu.externaltools.arm-none.macos64_1.17.0.201812190825/tools/compiler/bin/../lib/gcc/arm-none-eabi/7.3.1/thumb/v7-m/crti.o
LOAD /Applications/Ac6/SystemWorkbench.app/Contents/Eclipse/plugins/fr.ac6.mcu.externaltools.arm-none.macos64_1.17.0.201812190825/tools/compiler/bin/../lib/gcc/arm-none-eabi/7.3.1/thumb/v7-m/crtbegin.o
LOAD /Applications/Ac6/SystemWorkbench.app/Contents/Eclipse/plugins/fr.ac6.mcu.externaltools.arm-none.macos64_1.17.0.201812190825/tools/compiler/bin/../lib/gcc/arm-none-eabi/7.3.1/../../../../arm-none-eabi/lib/thumb/v7-m/crt0.o
LOAD Drivers/STM32F1xx_HAL_Driver/Src/stm32f1xx_hal.o
LOAD Drivers/STM32F1xx_HAL_Driver/Src/stm32f1xx_hal_adc.o
LOAD Drivers/STM32F1xx_HAL_Driver/Src/stm32f1xx_hal_adc_ex.o
LOAD Drivers/STM32F1xx_HAL_Driver/Src/stm32f1xx_hal_cortex.o
LOAD Drivers/STM32F1xx_HAL_Driver/Src/stm32f1xx_hal_dma.o
LOAD Drivers/STM32F1xx_HAL_Driver/Src/stm32f1xx_hal_flash.o
LOAD Drivers/STM32F1xx_HAL_Driver/Src/stm32f1xx_hal_flash_ex.o
LOAD Drivers/STM32F1xx_HAL_Driver/Src/stm32f1xx_hal_gpio.o
LOAD Drivers/STM32F1xx_HAL_Driver/Src/stm32f1xx_hal_gpio_ex.o
LOAD Drivers/STM32F1xx_HAL_Driver/Src/stm32f1xx_hal_i2c.o
LOAD Drivers/STM32F1xx_HAL_Driver/Src/stm32f1xx_hal_pwr.o
LOAD Drivers/STM32F1xx_HAL_Driver/Src/stm32f1xx_hal_rcc.o
LOAD Drivers/STM32F1xx_HAL_Driver/Src/stm32f1xx_hal_rcc_ex.o
LOAD Drivers/STM32F1xx_HAL_Driver/Src/stm32f1xx_hal_spi.o
LOAD Drivers/STM32F1xx_HAL_Driver/Src/stm32f1xx_hal_spi_ex.o
LOAD Drivers/STM32F1xx_HAL_Driver/Src/stm32f1xx_hal_tim.o
LOAD Drivers/STM32F1xx_HAL_Driver/Src/stm32f1xx_hal_tim_ex.o
LOAD Drivers/STM32F1xx_HAL_Driver/Src/stm32f1xx_hal_uart.o
LOAD Src/433Modem.o
LOAD Src/Alligator.o
LOAD Src/CC1101.o
LOAD Src/Fun_Menu.o
LOAD Src/Menu.o
LOAD Src/Princeton.o
LOAD Src/PrincetonPT2240.o
LOAD Src/StarLine.o
LOAD Src/came.o
LOAD Src/dwt_stm32_delay.o
LOAD Src/flash.o
LOAD Src/fonts.o
LOAD Src/keelog.o
LOAD Src/keelog_func.o
LOAD Src/main.o
LOAD Src/nice.o
LOAD Src/ssd1306.o
LOAD Src/stm32f1xx_hal_msp.o
LOAD Src/stm32f1xx_it.o
LOAD Src/syscalls.o
LOAD Src/system_stm32f1xx.o
LOAD startup/startup_stm32f103xb.o
LOAD /Applications/Ac6/SystemWorkbench.app/Contents/Eclipse/plugins/fr.ac6.mcu.externaltools.arm-none.macos64_1.17.0.201812190825/tools/compiler/bin/../lib/gcc/arm-none-eabi/7.3.1/../../../../arm-none-eabi/lib/thumb/v7-m/libm.a
START GROUP
LOAD /Applications/Ac6/SystemWorkbench.app/Contents/Eclipse/plugins/fr.ac6.mcu.externaltools.arm-none.macos64_1.17.0.201812190825/tools/compiler/bin/../lib/gcc/arm-none-eabi/7.3.1/thumb/v7-m/libgcc.a
LOAD /Applications/Ac6/SystemWorkbench.app/Contents/Eclipse/plugins/fr.ac6.mcu.externaltools.arm-none.macos64_1.17.0.201812190825/tools/compiler/bin/../lib/gcc/arm-none-eabi/7.3.1/../../../../arm-none-eabi/lib/thumb/v7-m/libc_nano.a
END GROUP
START GROUP
LOAD /Applications/Ac6/SystemWorkbench.app/Contents/Eclipse/plugins/fr.ac6.mcu.externaltools.arm-none.macos64_1.17.0.201812190825/tools/compiler/bin/../lib/gcc/arm-none-eabi/7.3.1/thumb/v7-m/libgcc.a
LOAD /Applications/Ac6/SystemWorkbench.app/Contents/Eclipse/plugins/fr.ac6.mcu.externaltools.arm-none.macos64_1.17.0.201812190825/tools/compiler/bin/../lib/gcc/arm-none-eabi/7.3.1/../../../../arm-none-eabi/lib/thumb/v7-m/libc_nano.a
LOAD /Applications/Ac6/SystemWorkbench.app/Contents/Eclipse/plugins/fr.ac6.mcu.externaltools.arm-none.macos64_1.17.0.201812190825/tools/compiler/bin/../lib/gcc/arm-none-eabi/7.3.1/../../../../arm-none-eabi/lib/thumb/v7-m/libnosys.a
END GROUP
START GROUP
LOAD /Applications/Ac6/SystemWorkbench.app/Contents/Eclipse/plugins/fr.ac6.mcu.externaltools.arm-none.macos64_1.17.0.201812190825/tools/compiler/bin/../lib/gcc/arm-none-eabi/7.3.1/thumb/v7-m/libgcc.a
LOAD /Applications/Ac6/SystemWorkbench.app/Contents/Eclipse/plugins/fr.ac6.mcu.externaltools.arm-none.macos64_1.17.0.201812190825/tools/compiler/bin/../lib/gcc/arm-none-eabi/7.3.1/../../../../arm-none-eabi/lib/thumb/v7-m/libc_nano.a
LOAD /Applications/Ac6/SystemWorkbench.app/Contents/Eclipse/plugins/fr.ac6.mcu.externaltools.arm-none.macos64_1.17.0.201812190825/tools/compiler/bin/../lib/gcc/arm-none-eabi/7.3.1/../../../../arm-none-eabi/lib/thumb/v7-m/libnosys.a
END GROUP
LOAD /Applications/Ac6/SystemWorkbench.app/Contents/Eclipse/plugins/fr.ac6.mcu.externaltools.arm-none.macos64_1.17.0.201812190825/tools/compiler/bin/../lib/gcc/arm-none-eabi/7.3.1/thumb/v7-m/crtend.o
LOAD /Applications/Ac6/SystemWorkbench.app/Contents/Eclipse/plugins/fr.ac6.mcu.externaltools.arm-none.macos64_1.17.0.201812190825/tools/compiler/bin/../lib/gcc/arm-none-eabi/7.3.1/thumb/v7-m/crtn.o
                0x0000000020005000                _estack = 0x20005000
                0x0000000000000200                _Min_Heap_Size = 0x200
                0x0000000000000400                _Min_Stack_Size = 0x400

.isr_vector     0x0000000008000000      0x10c
                0x0000000008000000                . = ALIGN (0x4)
 *(.isr_vector)
 .isr_vector    0x0000000008000000      0x10c startup/startup_stm32f103xb.o
                0x0000000008000000                g_pfnVectors
                0x000000000800010c                . = ALIGN (0x4)

.text           0x0000000008000110     0x8a2c
                0x0000000008000110                . = ALIGN (0x4)
 *(.text)
 .text          0x0000000008000110       0x40 /Applications/Ac6/SystemWorkbench.app/Contents/Eclipse/plugins/fr.ac6.mcu.externaltools.arm-none.macos64_1.17.0.201812190825/tools/compiler/bin/../lib/gcc/arm-none-eabi/7.3.1/thumb/v7-m/crtbegin.o
 .text          0x0000000008000150      0x378 /Applications/Ac6/SystemWorkbench.app/Contents/Eclipse/plugins/fr.ac6.mcu.externaltools.arm-none.macos64_1.17.0.201812190825/tools/compiler/bin/../lib/gcc/arm-none-eabi/7.3.1/thumb/v7-m/libgcc.a(_arm_addsubdf3.o)
                0x0000000008000150                __aeabi_drsub
                0x0000000008000158                __subdf3
                0x0000000008000158                __aeabi_dsub
                0x000000000800015c                __aeabi_dadd
                0x000000000800015c                __adddf3
                0x00000000080003d4                __aeabi_ui2d
                0x00000000080003d4                __floatunsidf
                0x00000000080003f4                __floatsidf
                0x00000000080003f4                __aeabi_i2d
                0x0000000008000418                __extendsfdf2
                0x0000000008000418                __aeabi_f2d
                0x000000000800045c                __aeabi_ul2d
                0x000000000800045c                __floatundidf
                0x000000000800046c                __aeabi_l2d
                0x000000000800046c                __floatdidf
 .text          0x00000000080004c8      0x21c /Applications/Ac6/SystemWorkbench.app/Contents/Eclipse/plugins/fr.ac6.mcu.externaltools.arm-none.macos64_1.17.0.201812190825/tools/compiler/bin/../lib/gcc/arm-none-eabi/7.3.1/thumb/v7-m/libgcc.a(_arm_addsubsf3.o)
                0x00000000080004c8                __aeabi_frsub
                0x00000000080004d0                __aeabi_fsub
                0x00000000080004d0                __subsf3
                0x00000000080004d4                __aeabi_fadd
                0x00000000080004d4                __addsf3
                0x0000000008000634                __aeabi_ui2f
                0x0000000008000634                __floatunsisf
                0x000000000800063c                __floatsisf
                0x000000000800063c                __aeabi_i2f
                0x0000000008000658                __aeabi_ul2f
                0x0000000008000658                __floatundisf
                0x0000000008000668                __aeabi_l2f
                0x0000000008000668                __floatdisf
 .text          0x00000000080006e4      0x2a0 /Applications/Ac6/SystemWorkbench.app/Contents/Eclipse/plugins/fr.ac6.mcu.externaltools.arm-none.macos64_1.17.0.201812190825/tools/compiler/bin/../lib/gcc/arm-none-eabi/7.3.1/thumb/v7-m/libgcc.a(_arm_muldivsf3.o)
                0x00000000080006e4                __mulsf3
                0x00000000080006e4                __aeabi_fmul
                0x000000000800084c                __divsf3
                0x000000000800084c                __aeabi_fdiv
 .text          0x0000000008000984       0x10 /Applications/Ac6/SystemWorkbench.app/Contents/Eclipse/plugins/fr.ac6.mcu.externaltools.arm-none.macos64_1.17.0.201812190825/tools/compiler/bin/../lib/gcc/arm-none-eabi/7.3.1/../../../../arm-none-eabi/lib/thumb/v7-m/libc_nano.a(lib_a-strlen.o)
                0x0000000008000984                strlen
 .text          0x0000000008000994      0x424 /Applications/Ac6/SystemWorkbench.app/Contents/Eclipse/plugins/fr.ac6.mcu.externaltools.arm-none.macos64_1.17.0.201812190825/tools/compiler/bin/../lib/gcc/arm-none-eabi/7.3.1/thumb/v7-m/libgcc.a(_arm_muldivdf3.o)
                0x0000000008000994                __aeabi_dmul
                0x0000000008000994                __muldf3
                0x0000000008000be8                __aeabi_ddiv
                0x0000000008000be8                __divdf3
 .text          0x0000000008000db8      0x110 /Applications/Ac6/SystemWorkbench.app/Contents/Eclipse/plugins/fr.ac6.mcu.externaltools.arm-none.macos64_1.17.0.201812190825/tools/compiler/bin/../lib/gcc/arm-none-eabi/7.3.1/thumb/v7-m/libgcc.a(_arm_cmpdf2.o)
                0x0000000008000db8                __gedf2
                0x0000000008000db8                __gtdf2
                0x0000000008000dc0                __ledf2
                0x0000000008000dc0                __ltdf2
                0x0000000008000dc8                __cmpdf2
                0x0000000008000dc8                __eqdf2
                0x0000000008000dc8                __nedf2
                0x0000000008000e44                __aeabi_cdrcmple
                0x0000000008000e54                __aeabi_cdcmple
                0x0000000008000e54                __aeabi_cdcmpeq
                0x0000000008000e64                __aeabi_dcmpeq
                0x0000000008000e78                __aeabi_dcmplt
                0x0000000008000e8c                __aeabi_dcmple
                0x0000000008000ea0                __aeabi_dcmpge
                0x0000000008000eb4                __aeabi_dcmpgt
 .text          0x0000000008000ec8       0x2c /Applications/Ac6/SystemWorkbench.app/Contents/Eclipse/plugins/fr.ac6.mcu.externaltools.arm-none.macos64_1.17.0.201812190825/tools/compiler/bin/../lib/gcc/arm-none-eabi/7.3.1/thumb/v7-m/libgcc.a(_arm_unorddf2.o)
                0x0000000008000ec8                __aeabi_dcmpun
                0x0000000008000ec8                __unorddf2
 .text          0x0000000008000ef4       0x50 /Applications/Ac6/SystemWorkbench.app/Contents/Eclipse/plugins/fr.ac6.mcu.externaltools.arm-none.macos64_1.17.0.201812190825/tools/compiler/bin/../lib/gcc/arm-none-eabi/7.3.1/thumb/v7-m/libgcc.a(_arm_fixdfsi.o)
                0x0000000008000ef4                __fixdfsi
                0x0000000008000ef4                __aeabi_d2iz
 *(.text*)
 .text.HAL_InitTick
                0x0000000008000f44       0x28 Drivers/STM32F1xx_HAL_Driver/Src/stm32f1xx_hal.o
                0x0000000008000f44                HAL_InitTick
 .text.HAL_Init
                0x0000000008000f6c       0x24 Drivers/STM32F1xx_HAL_Driver/Src/stm32f1xx_hal.o
                0x0000000008000f6c                HAL_Init
 .text.HAL_IncTick
                0x0000000008000f90       0x10 Drivers/STM32F1xx_HAL_Driver/Src/stm32f1xx_hal.o
                0x0000000008000f90                HAL_IncTick
 .text.HAL_GetTick
                0x0000000008000fa0        0xc Drivers/STM32F1xx_HAL_Driver/Src/stm32f1xx_hal.o
                0x0000000008000fa0                HAL_GetTick
 .text.HAL_Delay
                0x0000000008000fac       0x1c Drivers/STM32F1xx_HAL_Driver/Src/stm32f1xx_hal.o
                0x0000000008000fac                HAL_Delay
 .text.HAL_ADC_ConfigChannel
                0x0000000008000fc8      0x1b4 Drivers/STM32F1xx_HAL_Driver/Src/stm32f1xx_hal_adc.o
                0x0000000008000fc8                HAL_ADC_ConfigChannel
 .text.ADC_ConversionStop_Disable
                0x000000000800117c       0x44 Drivers/STM32F1xx_HAL_Driver/Src/stm32f1xx_hal_adc.o
                0x000000000800117c                ADC_ConversionStop_Disable
 .text.HAL_ADC_Init
                0x00000000080011c0      0x174 Drivers/STM32F1xx_HAL_Driver/Src/stm32f1xx_hal_adc.o
                0x00000000080011c0                HAL_ADC_Init
 .text.HAL_NVIC_SetPriorityGrouping
                0x0000000008001334       0x24 Drivers/STM32F1xx_HAL_Driver/Src/stm32f1xx_hal_cortex.o
                0x0000000008001334                HAL_NVIC_SetPriorityGrouping
 .text.HAL_NVIC_SetPriority
                0x0000000008001358       0x6c Drivers/STM32F1xx_HAL_Driver/Src/stm32f1xx_hal_cortex.o
                0x0000000008001358                HAL_NVIC_SetPriority
 .text.HAL_NVIC_EnableIRQ
                0x00000000080013c4       0x18 Drivers/STM32F1xx_HAL_Driver/Src/stm32f1xx_hal_cortex.o
                0x00000000080013c4                HAL_NVIC_EnableIRQ
 .text.HAL_SYSTICK_Config
                0x00000000080013dc       0x30 Drivers/STM32F1xx_HAL_Driver/Src/stm32f1xx_hal_cortex.o
                0x00000000080013dc                HAL_SYSTICK_Config
 .text.HAL_SYSTICK_CLKSourceConfig
                0x000000000800140c       0x18 Drivers/STM32F1xx_HAL_Driver/Src/stm32f1xx_hal_cortex.o
                0x000000000800140c                HAL_SYSTICK_CLKSourceConfig
 .text.HAL_SYSTICK_Callback
                0x0000000008001424        0x4 Drivers/STM32F1xx_HAL_Driver/Src/stm32f1xx_hal_cortex.o
                0x0000000008001424                HAL_SYSTICK_Callback
 .text.HAL_SYSTICK_IRQHandler
                0x0000000008001428        0x8 Drivers/STM32F1xx_HAL_Driver/Src/stm32f1xx_hal_cortex.o
                0x0000000008001428                HAL_SYSTICK_IRQHandler
 .text.HAL_DMA_Init
                0x0000000008001430       0x50 Drivers/STM32F1xx_HAL_Driver/Src/stm32f1xx_hal_dma.o
                0x0000000008001430                HAL_DMA_Init
 .text.HAL_DMA_Start_IT
                0x0000000008001480       0x5c Drivers/STM32F1xx_HAL_Driver/Src/stm32f1xx_hal_dma.o
                0x0000000008001480                HAL_DMA_Start_IT
 .text.HAL_DMA_IRQHandler
                0x00000000080014dc      0x2b0 Drivers/STM32F1xx_HAL_Driver/Src/stm32f1xx_hal_dma.o
                0x00000000080014dc                HAL_DMA_IRQHandler
 .text.HAL_DMA_GetState
                0x000000000800178c        0x8 Drivers/STM32F1xx_HAL_Driver/Src/stm32f1xx_hal_dma.o
                0x000000000800178c                HAL_DMA_GetState
 .text.HAL_GPIO_Init
                0x0000000008001794      0x1e0 Drivers/STM32F1xx_HAL_Driver/Src/stm32f1xx_hal_gpio.o
                0x0000000008001794                HAL_GPIO_Init
 .text.HAL_GPIO_ReadPin
                0x0000000008001974        0xc Drivers/STM32F1xx_HAL_Driver/Src/stm32f1xx_hal_gpio.o
                0x0000000008001974                HAL_GPIO_ReadPin
 .text.HAL_GPIO_WritePin
                0x0000000008001980        0x8 Drivers/STM32F1xx_HAL_Driver/Src/stm32f1xx_hal_gpio.o
                0x0000000008001980                HAL_GPIO_WritePin
 .text.HAL_GPIO_TogglePin
                0x0000000008001988        0x8 Drivers/STM32F1xx_HAL_Driver/Src/stm32f1xx_hal_gpio.o
                0x0000000008001988                HAL_GPIO_TogglePin
 .text.HAL_GPIO_EXTI_IRQHandler
                0x0000000008001990       0x18 Drivers/STM32F1xx_HAL_Driver/Src/stm32f1xx_hal_gpio.o
                0x0000000008001990                HAL_GPIO_EXTI_IRQHandler
 .text.I2C_WaitOnFlagUntilTimeout
                0x00000000080019a8       0x8c Drivers/STM32F1xx_HAL_Driver/Src/stm32f1xx_hal_i2c.o
 .text.I2C_WaitOnMasterAddressFlagUntilTimeout
                0x0000000008001a34       0x68 Drivers/STM32F1xx_HAL_Driver/Src/stm32f1xx_hal_i2c.o
 .text.I2C_MasterRequestWrite
                0x0000000008001a9c       0x74 Drivers/STM32F1xx_HAL_Driver/Src/stm32f1xx_hal_i2c.o
 .text.I2C_WaitOnTXEFlagUntilTimeout
                0x0000000008001b10       0x64 Drivers/STM32F1xx_HAL_Driver/Src/stm32f1xx_hal_i2c.o
 .text.HAL_I2C_Init
                0x0000000008001b74       0xe0 Drivers/STM32F1xx_HAL_Driver/Src/stm32f1xx_hal_i2c.o
                0x0000000008001b74                HAL_I2C_Init
 .text.HAL_I2C_Master_Transmit
                0x0000000008001c54      0x158 Drivers/STM32F1xx_HAL_Driver/Src/stm32f1xx_hal_i2c.o
                0x0000000008001c54                HAL_I2C_Master_Transmit
 .text.HAL_I2C_Master_Transmit_DMA
                0x0000000008001dac       0xcc Drivers/STM32F1xx_HAL_Driver/Src/stm32f1xx_hal_i2c.o
                0x0000000008001dac                HAL_I2C_Master_Transmit_DMA
 .text.HAL_I2C_IsDeviceReady
                0x0000000008001e78      0x13c Drivers/STM32F1xx_HAL_Driver/Src/stm32f1xx_hal_i2c.o
                0x0000000008001e78                HAL_I2C_IsDeviceReady
 .text.HAL_I2C_MasterTxCpltCallback
                0x0000000008001fb4        0x4 Drivers/STM32F1xx_HAL_Driver/Src/stm32f1xx_hal_i2c.o
                0x0000000008001fb4                HAL_I2C_MasterTxCpltCallback
 .text.HAL_I2C_ErrorCallback
                0x0000000008001fb8        0x4 Drivers/STM32F1xx_HAL_Driver/Src/stm32f1xx_hal_i2c.o
                0x0000000008001fb8                HAL_I2C_ErrorCallback
 .text.I2C_DMAError
                0x0000000008001fbc       0x2c Drivers/STM32F1xx_HAL_Driver/Src/stm32f1xx_hal_i2c.o
 .text.I2C_DMAMasterTransmitCplt
                0x0000000008001fe8       0x50 Drivers/STM32F1xx_HAL_Driver/Src/stm32f1xx_hal_i2c.o
 .text.HAL_RCC_OscConfig
                0x0000000008002038      0x554 Drivers/STM32F1xx_HAL_Driver/Src/stm32f1xx_hal_rcc.o
                0x0000000008002038                HAL_RCC_OscConfig
 .text.HAL_RCC_GetSysClockFreq
                0x000000000800258c       0x90 Drivers/STM32F1xx_HAL_Driver/Src/stm32f1xx_hal_rcc.o
                0x000000000800258c                HAL_RCC_GetSysClockFreq
 .text.HAL_RCC_ClockConfig
                0x000000000800261c      0x16c Drivers/STM32F1xx_HAL_Driver/Src/stm32f1xx_hal_rcc.o
                0x000000000800261c                HAL_RCC_ClockConfig
 .text.HAL_RCC_GetHCLKFreq
                0x0000000008002788        0xc Drivers/STM32F1xx_HAL_Driver/Src/stm32f1xx_hal_rcc.o
                0x0000000008002788                HAL_RCC_GetHCLKFreq
 .text.HAL_RCC_GetPCLK1Freq
                0x0000000008002794       0x30 Drivers/STM32F1xx_HAL_Driver/Src/stm32f1xx_hal_rcc.o
                0x0000000008002794                HAL_RCC_GetPCLK1Freq
 .text.HAL_RCC_GetPCLK2Freq
                0x00000000080027c4       0x30 Drivers/STM32F1xx_HAL_Driver/Src/stm32f1xx_hal_rcc.o
                0x00000000080027c4                HAL_RCC_GetPCLK2Freq
 .text.HAL_RCCEx_PeriphCLKConfig
                0x00000000080027f4      0x11c Drivers/STM32F1xx_HAL_Driver/Src/stm32f1xx_hal_rcc_ex.o
                0x00000000080027f4                HAL_RCCEx_PeriphCLKConfig
 .text.SPI_WaitOnFlagUntilTimeout
                0x0000000008002910       0x94 Drivers/STM32F1xx_HAL_Driver/Src/stm32f1xx_hal_spi.o
 .text.HAL_SPI_Transmit
                0x00000000080029a4      0x18c Drivers/STM32F1xx_HAL_Driver/Src/stm32f1xx_hal_spi.o
                0x00000000080029a4                HAL_SPI_Transmit
 .text.HAL_SPI_TransmitReceive
                0x0000000008002b30      0x2fc Drivers/STM32F1xx_HAL_Driver/Src/stm32f1xx_hal_spi.o
                0x0000000008002b30                HAL_SPI_TransmitReceive
 .text.HAL_SPI_Receive
                0x0000000008002e2c      0x21c Drivers/STM32F1xx_HAL_Driver/Src/stm32f1xx_hal_spi.o
                0x0000000008002e2c                HAL_SPI_Receive
 .text.HAL_SPI_Init
                0x0000000008003048       0x80 Drivers/STM32F1xx_HAL_Driver/Src/stm32f1xx_hal_spi_ex.o
                0x0000000008003048                HAL_SPI_Init
 .text.SPI_ISCRCErrorValid
                0x00000000080030c8        0x4 Drivers/STM32F1xx_HAL_Driver/Src/stm32f1xx_hal_spi_ex.o
                0x00000000080030c8                SPI_ISCRCErrorValid
 .text.TIM_SlaveTimer_SetConfig
                0x00000000080030cc       0xb0 Drivers/STM32F1xx_HAL_Driver/Src/stm32f1xx_hal_tim.o
 .text.HAL_TIM_IC_MspInit
                0x000000000800317c        0x4 Drivers/STM32F1xx_HAL_Driver/Src/stm32f1xx_hal_tim.o
                0x000000000800317c                HAL_TIM_IC_MspInit
 .text.HAL_TIM_IC_Start_IT
                0x0000000008003180       0x60 Drivers/STM32F1xx_HAL_Driver/Src/stm32f1xx_hal_tim.o
                0x0000000008003180                HAL_TIM_IC_Start_IT
 .text.HAL_TIM_IC_Stop_IT
                0x00000000080031e0       0x74 Drivers/STM32F1xx_HAL_Driver/Src/stm32f1xx_hal_tim.o
                0x00000000080031e0                HAL_TIM_IC_Stop_IT
 .text.HAL_TIM_ConfigClockSource
                0x0000000008003254      0x184 Drivers/STM32F1xx_HAL_Driver/Src/stm32f1xx_hal_tim.o
                0x0000000008003254                HAL_TIM_ConfigClockSource
 .text.HAL_TIM_SlaveConfigSynchronization
                0x00000000080033d8       0x40 Drivers/STM32F1xx_HAL_Driver/Src/stm32f1xx_hal_tim.o
                0x00000000080033d8                HAL_TIM_SlaveConfigSynchronization
 .text.HAL_TIM_ReadCapturedValue
                0x0000000008003418       0x58 Drivers/STM32F1xx_HAL_Driver/Src/stm32f1xx_hal_tim.o
                0x0000000008003418                HAL_TIM_ReadCapturedValue
 .text.HAL_TIM_PeriodElapsedCallback
                0x0000000008003470        0x4 Drivers/STM32F1xx_HAL_Driver/Src/stm32f1xx_hal_tim.o
                0x0000000008003470                HAL_TIM_PeriodElapsedCallback
 .text.HAL_TIM_OC_DelayElapsedCallback
                0x0000000008003474        0x4 Drivers/STM32F1xx_HAL_Driver/Src/stm32f1xx_hal_tim.o
                0x0000000008003474                HAL_TIM_OC_DelayElapsedCallback
 .text.HAL_TIM_PWM_PulseFinishedCallback
                0x0000000008003478        0x4 Drivers/STM32F1xx_HAL_Driver/Src/stm32f1xx_hal_tim.o
                0x0000000008003478                HAL_TIM_PWM_PulseFinishedCallback
 .text.HAL_TIM_TriggerCallback
                0x000000000800347c        0x4 Drivers/STM32F1xx_HAL_Driver/Src/stm32f1xx_hal_tim.o
                0x000000000800347c                HAL_TIM_TriggerCallback
 .text.HAL_TIM_IRQHandler
                0x0000000008003480      0x154 Drivers/STM32F1xx_HAL_Driver/Src/stm32f1xx_hal_tim.o
                0x0000000008003480                HAL_TIM_IRQHandler
 .text.TIM_Base_SetConfig
                0x00000000080035d4       0x6c Drivers/STM32F1xx_HAL_Driver/Src/stm32f1xx_hal_tim.o
                0x00000000080035d4                TIM_Base_SetConfig
 .text.HAL_TIM_Base_Init
                0x0000000008003640       0x38 Drivers/STM32F1xx_HAL_Driver/Src/stm32f1xx_hal_tim.o
                0x0000000008003640                HAL_TIM_Base_Init
 .text.HAL_TIM_IC_Init
                0x0000000008003678       0x38 Drivers/STM32F1xx_HAL_Driver/Src/stm32f1xx_hal_tim.o
                0x0000000008003678                HAL_TIM_IC_Init
 .text.TIM_TI1_SetConfig
                0x00000000080036b0       0x58 Drivers/STM32F1xx_HAL_Driver/Src/stm32f1xx_hal_tim.o
                0x00000000080036b0                TIM_TI1_SetConfig
 .text.HAL_TIM_IC_ConfigChannel
                0x0000000008003708      0x110 Drivers/STM32F1xx_HAL_Driver/Src/stm32f1xx_hal_tim.o
                0x0000000008003708                HAL_TIM_IC_ConfigChannel
 .text.HAL_TIMEx_MasterConfigSynchronization
                0x0000000008003818       0x4c Drivers/STM32F1xx_HAL_Driver/Src/stm32f1xx_hal_tim_ex.o
                0x0000000008003818                HAL_TIMEx_MasterConfigSynchronization
 .text.HAL_TIMEx_CommutationCallback
                0x0000000008003864        0x4 Drivers/STM32F1xx_HAL_Driver/Src/stm32f1xx_hal_tim_ex.o
                0x0000000008003864                HAL_TIMEx_CommutationCallback
 .text.HAL_TIMEx_BreakCallback
                0x0000000008003868        0x4 Drivers/STM32F1xx_HAL_Driver/Src/stm32f1xx_hal_tim_ex.o
                0x0000000008003868                HAL_TIMEx_BreakCallback
 .text.UART_SetConfig
                0x000000000800386c      0x170 Drivers/STM32F1xx_HAL_Driver/Src/stm32f1xx_hal_uart.o
 .text.UART_WaitOnFlagUntilTimeout.constprop.1
                0x00000000080039dc       0x60 Drivers/STM32F1xx_HAL_Driver/Src/stm32f1xx_hal_uart.o
 .text.HAL_UART_Init
                0x0000000008003a3c       0x5c Drivers/STM32F1xx_HAL_Driver/Src/stm32f1xx_hal_uart.o
                0x0000000008003a3c                HAL_UART_Init
 .text.HAL_UART_Transmit
                0x0000000008003a98       0xbc Drivers/STM32F1xx_HAL_Driver/Src/stm32f1xx_hal_uart.o
                0x0000000008003a98                HAL_UART_Transmit
 .text.Tim_Init
                0x0000000008003b54       0x30 Src/433Modem.o
                0x0000000008003b54                Tim_Init
 .text.HAL_TIM_IC_CaptureCallback
                0x0000000008003b84       0x8c Src/433Modem.o
                0x0000000008003b84                HAL_TIM_IC_CaptureCallback
 .text.bufDiff  0x0000000008003c10       0x18 Src/433Modem.o
                0x0000000008003c10                bufDiff
 .text.readFromBuf
                0x0000000008003c28       0x34 Src/433Modem.o
                0x0000000008003c28                readFromBuf
 .text.Add_Bit  0x0000000008003c5c       0x30 Src/433Modem.o
                0x0000000008003c5c                Add_Bit
 .text.Pin_TX   0x0000000008003c8c       0x10 Src/433Modem.o
                0x0000000008003c8c                Pin_TX
 .text.Pin_TX_EN
                0x0000000008003c9c       0x10 Src/433Modem.o
                0x0000000008003c9c                Pin_TX_EN
 .text.Print_Code_LCD
                0x0000000008003cac       0xd8 Src/433Modem.o
                0x0000000008003cac                Print_Code_LCD
 .text.Print_Code
                0x0000000008003d84       0x4c Src/433Modem.o
                0x0000000008003d84                Print_Code
 .text.Check_Interval
                0x0000000008003dd0       0x18 Src/433Modem.o
                0x0000000008003dd0                Check_Interval
 .text.Init_ALLIGATOR
                0x0000000008003de8       0x2c Src/Alligator.o
                0x0000000008003de8                Init_ALLIGATOR
 .text.ALLIGATOR_Reverse_Code
                0x0000000008003e14       0x94 Src/Alligator.o
                0x0000000008003e14                ALLIGATOR_Reverse_Code
 .text.Analysis_bit_ALLIGATOR
                0x0000000008003ea8      0x170 Src/Alligator.o
                0x0000000008003ea8                Analysis_bit_ALLIGATOR
 .text.CC1101_Init
                0x0000000008004018       0x20 Src/CC1101.o
                0x0000000008004018                CC1101_Init
 .text.CC1101_Strobe
                0x0000000008004038       0x3c Src/CC1101.o
                0x0000000008004038                CC1101_Strobe
 .text.CC1101_ReadData
                0x0000000008004074       0x50 Src/CC1101.o
                0x0000000008004074                CC1101_ReadData
 .text.CC1101_GET_Freq
                0x00000000080040c4       0x40 Src/CC1101.o
                0x00000000080040c4                CC1101_GET_Freq
 .text.CC1101_Config
                0x0000000008004104       0x90 Src/CC1101.o
                0x0000000008004104                CC1101_Config
 .text.SCAN_    0x0000000008004194        0xc Src/Fun_Menu.o
                0x0000000008004194                SCAN_
 .text.Check_KEY
                0x00000000080041a0       0x68 Src/Fun_Menu.o
                0x00000000080041a0                Check_KEY
 .text.Input_PIN
                0x0000000008004208      0x1a0 Src/Fun_Menu.o
                0x0000000008004208                Input_PIN
 .text.Key_Menu
                0x00000000080043a8       0x50 Src/Fun_Menu.o
                0x00000000080043a8                Key_Menu
 .text.SendCode
                0x00000000080043f8       0x78 Src/Fun_Menu.o
                0x00000000080043f8                SendCode
 .text.BruteForce
                0x0000000008004470      0x1c4 Src/Fun_Menu.o
                0x0000000008004470                BruteForce
 .text.Show_Status
                0x0000000008004634      0x1e8 Src/Fun_Menu.o
                0x0000000008004634                Show_Status
 .text.dispMenu
                0x000000000800481c      0x148 Src/Menu.o
                0x000000000800481c                dispMenu
 .text.selectMenu
                0x0000000008004964      0x140 Src/Menu.o
                0x0000000008004964                selectMenu
 .text.Check_KEY_Menu
                0x0000000008004aa4       0x70 Src/Menu.o
                0x0000000008004aa4                Check_KEY_Menu
 .text.startMenu
                0x0000000008004b14       0x18 Src/Menu.o
                0x0000000008004b14                startMenu
 .text.initMenu
                0x0000000008004b2c       0x10 Src/Menu.o
                0x0000000008004b2c                initMenu
 .text.Init_PRINCETON
                0x0000000008004b3c       0x2c Src/Princeton.o
                0x0000000008004b3c                Init_PRINCETON
 .text.Analysis_bit_PRINCETON
                0x0000000008004b68      0x128 Src/Princeton.o
                0x0000000008004b68                Analysis_bit_PRINCETON
 .text.Init_PRINCETON_PT2240
                0x0000000008004c90       0x34 Src/PrincetonPT2240.o
                0x0000000008004c90                Init_PRINCETON_PT2240
 .text.Analysis_bit_PRINCETON_PT2240
                0x0000000008004cc4      0x128 Src/PrincetonPT2240.o
                0x0000000008004cc4                Analysis_bit_PRINCETON_PT2240
 .text.Init_STARLINE
                0x0000000008004dec       0x2c Src/StarLine.o
                0x0000000008004dec                Init_STARLINE
 .text.STARLINE_Reverse_Code
                0x0000000008004e18       0x94 Src/StarLine.o
                0x0000000008004e18                STARLINE_Reverse_Code
 .text.Analysis_bit_STARLINE
                0x0000000008004eac      0x184 Src/StarLine.o
                0x0000000008004eac                Analysis_bit_STARLINE
 .text.Send_Bit_CAME.part.0
                0x0000000008005030       0x5c Src/came.o
 .text.Init_CAME
                0x000000000800508c       0x2c Src/came.o
                0x000000000800508c                Init_CAME
 .text.Send_Bit_CAME
                0x00000000080050b8       0x60 Src/came.o
                0x00000000080050b8                Send_Bit_CAME
 .text.Send_CAME
                0x0000000008005118       0xac Src/came.o
                0x0000000008005118                Send_CAME
 .text.Analysis_bit_CAME
                0x00000000080051c4      0x148 Src/came.o
                0x00000000080051c4                Analysis_bit_CAME
 .text.DWT_Delay_Init
                0x000000000800530c       0x40 Src/dwt_stm32_delay.o
                0x000000000800530c                DWT_Delay_Init
 .text.Init_KEELOG
                0x000000000800534c       0x30 Src/keelog.o
                0x000000000800534c                Init_KEELOG
 .text.Reverse_Code
                0x000000000800537c       0x88 Src/keelog.o
                0x000000000800537c                Reverse_Code
 .text.Analysis_bit_KEELOG
                0x0000000008005404      0x19c Src/keelog.o
                0x0000000008005404                Analysis_bit_KEELOG
 .text.Led_Blink
                0x00000000080055a0       0x38 Src/main.o
                0x00000000080055a0                Led_Blink
 .text.SystemClock_Config
                0x00000000080055d8       0x84 Src/main.o
                0x00000000080055d8                SystemClock_Config
 .text.startup.main
                0x000000000800565c      0x514 Src/main.o
                0x000000000800565c                main
 .text.HAL_GPIO_EXTI_Callback
                0x0000000008005b70        0x4 Src/main.o
                0x0000000008005b70                HAL_GPIO_EXTI_Callback
 .text._Error_Handler
                0x0000000008005b74        0x4 Src/main.o
                0x0000000008005b74                _Error_Handler
 .text.Send_Bit_NICE.part.0
                0x0000000008005b78       0x5c Src/nice.o
 .text.Init_NICE
                0x0000000008005bd4       0x2c Src/nice.o
                0x0000000008005bd4                Init_NICE
 .text.Send_Bit_NICE
                0x0000000008005c00       0x60 Src/nice.o
                0x0000000008005c00                Send_Bit_NICE
 .text.Send_NICE
                0x0000000008005c60       0xac Src/nice.o
                0x0000000008005c60                Send_NICE
 .text.Analysis_bit_NICE
                0x0000000008005d0c      0x148 Src/nice.o
                0x0000000008005d0c                Analysis_bit_NICE
 .text.SSD1306_UpdateScreen
                0x0000000008005e54       0x2c Src/ssd1306.o
                0x0000000008005e54                SSD1306_UpdateScreen
 .text.SSD1306_Init
                0x0000000008005e80      0x2e4 Src/ssd1306.o
                0x0000000008005e80                SSD1306_Init
 .text.SSD1306_Fill
                0x0000000008006164       0x18 Src/ssd1306.o
                0x0000000008006164                SSD1306_Fill
 .text.SSD1306_DrawPixel
                0x000000000800617c       0x48 Src/ssd1306.o
                0x000000000800617c                SSD1306_DrawPixel
 .text.SSD1306_GotoXY
                0x00000000080061c4       0x10 Src/ssd1306.o
                0x00000000080061c4                SSD1306_GotoXY
 .text.SSD1306_Putc
                0x00000000080061d4       0x84 Src/ssd1306.o
                0x00000000080061d4                SSD1306_Putc
 .text.SSD1306_Puts
                0x0000000008006258       0x2c Src/ssd1306.o
                0x0000000008006258                SSD1306_Puts
 .text.SSD1306_DrawLine
                0x0000000008006284      0x168 Src/ssd1306.o
                0x0000000008006284                SSD1306_DrawLine
 .text.SSD1306_DrawRectangle
                0x00000000080063ec       0x74 Src/ssd1306.o
                0x00000000080063ec                SSD1306_DrawRectangle
 .text.SSD1306_DrawFilledRectangle
                0x0000000008006460       0x58 Src/ssd1306.o
                0x0000000008006460                SSD1306_DrawFilledRectangle
 .text.SSD1306_DrawCircle
                0x00000000080064b8      0x144 Src/ssd1306.o
                0x00000000080064b8                SSD1306_DrawCircle
 .text.HAL_MspInit
                0x00000000080065fc       0x90 Src/stm32f1xx_hal_msp.o
                0x00000000080065fc                HAL_MspInit
 .text.HAL_ADC_MspInit
                0x000000000800668c       0x40 Src/stm32f1xx_hal_msp.o
                0x000000000800668c                HAL_ADC_MspInit
 .text.HAL_I2C_MspInit
                0x00000000080066cc       0x98 Src/stm32f1xx_hal_msp.o
                0x00000000080066cc                HAL_I2C_MspInit
 .text.HAL_SPI_MspInit
                0x0000000008006764       0x5c Src/stm32f1xx_hal_msp.o
                0x0000000008006764                HAL_SPI_MspInit
 .text.HAL_TIM_Base_MspInit
                0x00000000080067c0       0xb0 Src/stm32f1xx_hal_msp.o
                0x00000000080067c0                HAL_TIM_Base_MspInit
 .text.HAL_UART_MspInit
                0x0000000008006870       0x5c Src/stm32f1xx_hal_msp.o
                0x0000000008006870                HAL_UART_MspInit
 .text.NMI_Handler
                0x00000000080068cc        0x4 Src/stm32f1xx_it.o
                0x00000000080068cc                NMI_Handler
 .text.HardFault_Handler
                0x00000000080068d0        0x4 Src/stm32f1xx_it.o
                0x00000000080068d0                HardFault_Handler
 .text.MemManage_Handler
                0x00000000080068d4        0x4 Src/stm32f1xx_it.o
                0x00000000080068d4                MemManage_Handler
 .text.BusFault_Handler
                0x00000000080068d8        0x4 Src/stm32f1xx_it.o
                0x00000000080068d8                BusFault_Handler
 .text.UsageFault_Handler
                0x00000000080068dc        0x4 Src/stm32f1xx_it.o
                0x00000000080068dc                UsageFault_Handler
 .text.SVC_Handler
                0x00000000080068e0        0x4 Src/stm32f1xx_it.o
                0x00000000080068e0                SVC_Handler
 .text.DebugMon_Handler
                0x00000000080068e4        0x4 Src/stm32f1xx_it.o
                0x00000000080068e4                DebugMon_Handler
 .text.PendSV_Handler
                0x00000000080068e8        0x4 Src/stm32f1xx_it.o
                0x00000000080068e8                PendSV_Handler
 .text.SysTick_Handler
                0x00000000080068ec       0x10 Src/stm32f1xx_it.o
                0x00000000080068ec                SysTick_Handler
 .text.EXTI0_IRQHandler
                0x00000000080068fc        0x8 Src/stm32f1xx_it.o
                0x00000000080068fc                EXTI0_IRQHandler
 .text.EXTI1_IRQHandler
                0x0000000008006904        0x8 Src/stm32f1xx_it.o
                0x0000000008006904                EXTI1_IRQHandler
 .text.EXTI2_IRQHandler
                0x000000000800690c        0x8 Src/stm32f1xx_it.o
                0x000000000800690c                EXTI2_IRQHandler
 .text.EXTI3_IRQHandler
                0x0000000008006914        0x8 Src/stm32f1xx_it.o
                0x0000000008006914                EXTI3_IRQHandler
 .text.EXTI4_IRQHandler
                0x000000000800691c        0x8 Src/stm32f1xx_it.o
                0x000000000800691c                EXTI4_IRQHandler
 .text.DMA1_Channel6_IRQHandler
                0x0000000008006924        0xc Src/stm32f1xx_it.o
                0x0000000008006924                DMA1_Channel6_IRQHandler
 .text.TIM3_IRQHandler
                0x0000000008006930        0xc Src/stm32f1xx_it.o
                0x0000000008006930                TIM3_IRQHandler
 .text.TIM4_IRQHandler
                0x000000000800693c        0xc Src/stm32f1xx_it.o
                0x000000000800693c                TIM4_IRQHandler
 .text._sbrk    0x0000000008006948       0x3c Src/syscalls.o
                0x0000000008006948                _sbrk
 .text.SystemInit
                0x0000000008006984       0x50 Src/system_stm32f1xx.o
                0x0000000008006984                SystemInit
 .text.Reset_Handler
                0x00000000080069d4       0x48 startup/startup_stm32f103xb.o
                0x00000000080069d4                Reset_Handler
 .text.Default_Handler
                0x0000000008006a1c        0x2 startup/startup_stm32f103xb.o
                0x0000000008006a1c                USBWakeUp_IRQHandler
                0x0000000008006a1c                TIM1_CC_IRQHandler
                0x0000000008006a1c                PVD_IRQHandler
                0x0000000008006a1c                I2C2_EV_IRQHandler
                0x0000000008006a1c                ADC1_2_IRQHandler
                0x0000000008006a1c                SPI1_IRQHandler
                0x0000000008006a1c                TAMPER_IRQHandler
                0x0000000008006a1c                DMA1_Channel4_IRQHandler
                0x0000000008006a1c                USART3_IRQHandler
                0x0000000008006a1c                RTC_IRQHandler
                0x0000000008006a1c                DMA1_Channel7_IRQHandler
                0x0000000008006a1c                CAN1_RX1_IRQHandler
                0x0000000008006a1c                I2C1_EV_IRQHandler
                0x0000000008006a1c                RCC_IRQHandler
                0x0000000008006a1c                TIM1_TRG_COM_IRQHandler
                0x0000000008006a1c                DMA1_Channel1_IRQHandler
                0x0000000008006a1c                Default_Handler
                0x0000000008006a1c                EXTI15_10_IRQHandler
                0x0000000008006a1c                EXTI9_5_IRQHandler
                0x0000000008006a1c                SPI2_IRQHandler
                0x0000000008006a1c                DMA1_Channel5_IRQHandler
                0x0000000008006a1c                USB_LP_CAN1_RX0_IRQHandler
                0x0000000008006a1c                USB_HP_CAN1_TX_IRQHandler
                0x0000000008006a1c                DMA1_Channel3_IRQHandler
                0x0000000008006a1c                TIM1_UP_IRQHandler
                0x0000000008006a1c                WWDG_IRQHandler
                0x0000000008006a1c                TIM2_IRQHandler
                0x0000000008006a1c                TIM1_BRK_IRQHandler
                0x0000000008006a1c                USART2_IRQHandler
                0x0000000008006a1c                I2C2_ER_IRQHandler
                0x0000000008006a1c                DMA1_Channel2_IRQHandler
                0x0000000008006a1c                CAN1_SCE_IRQHandler
                0x0000000008006a1c                FLASH_IRQHandler
                0x0000000008006a1c                USART1_IRQHandler
                0x0000000008006a1c                I2C1_ER_IRQHandler
                0x0000000008006a1c                RTC_Alarm_IRQHandler
 *fill*         0x0000000008006a1e        0x2 
 .text.__errno  0x0000000008006a20        0xc /Applications/Ac6/SystemWorkbench.app/Contents/Eclipse/plugins/fr.ac6.mcu.externaltools.arm-none.macos64_1.17.0.201812190825/tools/compiler/bin/../lib/gcc/arm-none-eabi/7.3.1/../../../../arm-none-eabi/lib/thumb/v7-m/libc_nano.a(lib_a-errno.o)
                0x0000000008006a20                __errno
 .text.__libc_init_array
                0x0000000008006a2c       0x48 /Applications/Ac6/SystemWorkbench.app/Contents/Eclipse/plugins/fr.ac6.mcu.externaltools.arm-none.macos64_1.17.0.201812190825/tools/compiler/bin/../lib/gcc/arm-none-eabi/7.3.1/../../../../arm-none-eabi/lib/thumb/v7-m/libc_nano.a(lib_a-init.o)
                0x0000000008006a2c                __libc_init_array
 .text.memset   0x0000000008006a74       0x10 /Applications/Ac6/SystemWorkbench.app/Contents/Eclipse/plugins/fr.ac6.mcu.externaltools.arm-none.macos64_1.17.0.201812190825/tools/compiler/bin/../lib/gcc/arm-none-eabi/7.3.1/../../../../arm-none-eabi/lib/thumb/v7-m/libc_nano.a(lib_a-memset.o)
                0x0000000008006a74                memset
 .text.__cvt    0x0000000008006a84       0xb8 /Applications/Ac6/SystemWorkbench.app/Contents/Eclipse/plugins/fr.ac6.mcu.externaltools.arm-none.macos64_1.17.0.201812190825/tools/compiler/bin/../lib/gcc/arm-none-eabi/7.3.1/../../../../arm-none-eabi/lib/thumb/v7-m/libc_nano.a(lib_a-nano-vfprintf_float.o)
                0x0000000008006a84                __cvt
 .text.__exponent
                0x0000000008006b3c       0x6a /Applications/Ac6/SystemWorkbench.app/Contents/Eclipse/plugins/fr.ac6.mcu.externaltools.arm-none.macos64_1.17.0.201812190825/tools/compiler/bin/../lib/gcc/arm-none-eabi/7.3.1/../../../../arm-none-eabi/lib/thumb/v7-m/libc_nano.a(lib_a-nano-vfprintf_float.o)
                0x0000000008006b3c                __exponent
 *fill*         0x0000000008006ba6        0x2 
 .text._printf_float
                0x0000000008006ba8      0x46c /Applications/Ac6/SystemWorkbench.app/Contents/Eclipse/plugins/fr.ac6.mcu.externaltools.arm-none.macos64_1.17.0.201812190825/tools/compiler/bin/../lib/gcc/arm-none-eabi/7.3.1/../../../../arm-none-eabi/lib/thumb/v7-m/libc_nano.a(lib_a-nano-vfprintf_float.o)
                0x0000000008006ba8                _printf_float
 .text._printf_common
                0x0000000008007014       0xec /Applications/Ac6/SystemWorkbench.app/Contents/Eclipse/plugins/fr.ac6.mcu.externaltools.arm-none.macos64_1.17.0.201812190825/tools/compiler/bin/../lib/gcc/arm-none-eabi/7.3.1/../../../../arm-none-eabi/lib/thumb/v7-m/libc_nano.a(lib_a-nano-vfprintf_i.o)
                0x0000000008007014                _printf_common
 .text._printf_i
                0x0000000008007100      0x224 /Applications/Ac6/SystemWorkbench.app/Contents/Eclipse/plugins/fr.ac6.mcu.externaltools.arm-none.macos64_1.17.0.201812190825/tools/compiler/bin/../lib/gcc/arm-none-eabi/7.3.1/../../../../arm-none-eabi/lib/thumb/v7-m/libc_nano.a(lib_a-nano-vfprintf_i.o)
                0x0000000008007100                _printf_i
 .text.snprintf
                0x0000000008007324       0x68 /Applications/Ac6/SystemWorkbench.app/Contents/Eclipse/plugins/fr.ac6.mcu.externaltools.arm-none.macos64_1.17.0.201812190825/tools/compiler/bin/../lib/gcc/arm-none-eabi/7.3.1/../../../../arm-none-eabi/lib/thumb/v7-m/libc_nano.a(lib_a-snprintf.o)
                0x0000000008007324                snprintf
                0x0000000008007324                sniprintf
 .text.quorem   0x000000000800738c      0x11c /Applications/Ac6/SystemWorkbench.app/Contents/Eclipse/plugins/fr.ac6.mcu.externaltools.arm-none.macos64_1.17.0.201812190825/tools/compiler/bin/../lib/gcc/arm-none-eabi/7.3.1/../../../../arm-none-eabi/lib/thumb/v7-m/libc_nano.a(lib_a-dtoa.o)
 .text._dtoa_r  0x00000000080074a8      0xb68 /Applications/Ac6/SystemWorkbench.app/Contents/Eclipse/plugins/fr.ac6.mcu.externaltools.arm-none.macos64_1.17.0.201812190825/tools/compiler/bin/../lib/gcc/arm-none-eabi/7.3.1/../../../../arm-none-eabi/lib/thumb/v7-m/libc_nano.a(lib_a-dtoa.o)
                0x00000000080074a8                _dtoa_r
 .text._localeconv_r
                0x0000000008008010       0x1c /Applications/Ac6/SystemWorkbench.app/Contents/Eclipse/plugins/fr.ac6.mcu.externaltools.arm-none.macos64_1.17.0.201812190825/tools/compiler/bin/../lib/gcc/arm-none-eabi/7.3.1/../../../../arm-none-eabi/lib/thumb/v7-m/libc_nano.a(lib_a-localeconv.o)
                0x0000000008008010                _localeconv_r
 .text.malloc   0x000000000800802c       0x10 /Applications/Ac6/SystemWorkbench.app/Contents/Eclipse/plugins/fr.ac6.mcu.externaltools.arm-none.macos64_1.17.0.201812190825/tools/compiler/bin/../lib/gcc/arm-none-eabi/7.3.1/../../../../arm-none-eabi/lib/thumb/v7-m/libc_nano.a(lib_a-malloc.o)
                0x000000000800802c                malloc
 .text.memchr   0x000000000800803c       0x1c /Applications/Ac6/SystemWorkbench.app/Contents/Eclipse/plugins/fr.ac6.mcu.externaltools.arm-none.macos64_1.17.0.201812190825/tools/compiler/bin/../lib/gcc/arm-none-eabi/7.3.1/../../../../arm-none-eabi/lib/thumb/v7-m/libc_nano.a(lib_a-memchr-stub.o)
                0x000000000800803c                memchr
 .text.memcpy   0x0000000008008058       0x16 /Applications/Ac6/SystemWorkbench.app/Contents/Eclipse/plugins/fr.ac6.mcu.externaltools.arm-none.macos64_1.17.0.201812190825/tools/compiler/bin/../lib/gcc/arm-none-eabi/7.3.1/../../../../arm-none-eabi/lib/thumb/v7-m/libc_nano.a(lib_a-memcpy-stub.o)
                0x0000000008008058                memcpy
 .text._Balloc  0x000000000800806e       0x68 /Applications/Ac6/SystemWorkbench.app/Contents/Eclipse/plugins/fr.ac6.mcu.externaltools.arm-none.macos64_1.17.0.201812190825/tools/compiler/bin/../lib/gcc/arm-none-eabi/7.3.1/../../../../arm-none-eabi/lib/thumb/v7-m/libc_nano.a(lib_a-mprec.o)
                0x000000000800806e                _Balloc
 .text._Bfree   0x00000000080080d6       0x2e /Applications/Ac6/SystemWorkbench.app/Contents/Eclipse/plugins/fr.ac6.mcu.externaltools.arm-none.macos64_1.17.0.201812190825/tools/compiler/bin/../lib/gcc/arm-none-eabi/7.3.1/../../../../arm-none-eabi/lib/thumb/v7-m/libc_nano.a(lib_a-mprec.o)
                0x00000000080080d6                _Bfree
 .text.__multadd
                0x0000000008008104       0x76 /Applications/Ac6/SystemWorkbench.app/Contents/Eclipse/plugins/fr.ac6.mcu.externaltools.arm-none.macos64_1.17.0.201812190825/tools/compiler/bin/../lib/gcc/arm-none-eabi/7.3.1/../../../../arm-none-eabi/lib/thumb/v7-m/libc_nano.a(lib_a-mprec.o)
                0x0000000008008104                __multadd
 .text.__hi0bits
                0x000000000800817a       0x3e /Applications/Ac6/SystemWorkbench.app/Contents/Eclipse/plugins/fr.ac6.mcu.externaltools.arm-none.macos64_1.17.0.201812190825/tools/compiler/bin/../lib/gcc/arm-none-eabi/7.3.1/../../../../arm-none-eabi/lib/thumb/v7-m/libc_nano.a(lib_a-mprec.o)
                0x000000000800817a                __hi0bits
 .text.__lo0bits
                0x00000000080081b8       0x5e /Applications/Ac6/SystemWorkbench.app/Contents/Eclipse/plugins/fr.ac6.mcu.externaltools.arm-none.macos64_1.17.0.201812190825/tools/compiler/bin/../lib/gcc/arm-none-eabi/7.3.1/../../../../arm-none-eabi/lib/thumb/v7-m/libc_nano.a(lib_a-mprec.o)
                0x00000000080081b8                __lo0bits
 .text.__i2b    0x0000000008008216       0x12 /Applications/Ac6/SystemWorkbench.app/Contents/Eclipse/plugins/fr.ac6.mcu.externaltools.arm-none.macos64_1.17.0.201812190825/tools/compiler/bin/../lib/gcc/arm-none-eabi/7.3.1/../../../../arm-none-eabi/lib/thumb/v7-m/libc_nano.a(lib_a-mprec.o)
                0x0000000008008216                __i2b
 .text.__multiply
                0x0000000008008228      0x12a /Applications/Ac6/SystemWorkbench.app/Contents/Eclipse/plugins/fr.ac6.mcu.externaltools.arm-none.macos64_1.17.0.201812190825/tools/compiler/bin/../lib/gcc/arm-none-eabi/7.3.1/../../../../arm-none-eabi/lib/thumb/v7-m/libc_nano.a(lib_a-mprec.o)
                0x0000000008008228                __multiply
 *fill*         0x0000000008008352        0x2 
 .text.__pow5mult
                0x0000000008008354       0x9c /Applications/Ac6/SystemWorkbench.app/Contents/Eclipse/plugins/fr.ac6.mcu.externaltools.arm-none.macos64_1.17.0.201812190825/tools/compiler/bin/../lib/gcc/arm-none-eabi/7.3.1/../../../../arm-none-eabi/lib/thumb/v7-m/libc_nano.a(lib_a-mprec.o)
                0x0000000008008354                __pow5mult
 .text.__lshift
                0x00000000080083f0       0xa8 /Applications/Ac6/SystemWorkbench.app/Contents/Eclipse/plugins/fr.ac6.mcu.externaltools.arm-none.macos64_1.17.0.201812190825/tools/compiler/bin/../lib/gcc/arm-none-eabi/7.3.1/../../../../arm-none-eabi/lib/thumb/v7-m/libc_nano.a(lib_a-mprec.o)
                0x00000000080083f0                __lshift
 .text.__mcmp   0x0000000008008498       0x34 /Applications/Ac6/SystemWorkbench.app/Contents/Eclipse/plugins/fr.ac6.mcu.externaltools.arm-none.macos64_1.17.0.201812190825/tools/compiler/bin/../lib/gcc/arm-none-eabi/7.3.1/../../../../arm-none-eabi/lib/thumb/v7-m/libc_nano.a(lib_a-mprec.o)
                0x0000000008008498                __mcmp
 .text.__mdiff  0x00000000080084cc       0xbc /Applications/Ac6/SystemWorkbench.app/Contents/Eclipse/plugins/fr.ac6.mcu.externaltools.arm-none.macos64_1.17.0.201812190825/tools/compiler/bin/../lib/gcc/arm-none-eabi/7.3.1/../../../../arm-none-eabi/lib/thumb/v7-m/libc_nano.a(lib_a-mprec.o)
                0x00000000080084cc                __mdiff
 .text.__d2b    0x0000000008008588       0x9e /Applications/Ac6/SystemWorkbench.app/Contents/Eclipse/plugins/fr.ac6.mcu.externaltools.arm-none.macos64_1.17.0.201812190825/tools/compiler/bin/../lib/gcc/arm-none-eabi/7.3.1/../../../../arm-none-eabi/lib/thumb/v7-m/libc_nano.a(lib_a-mprec.o)
                0x0000000008008588                __d2b
 .text._calloc_r
                0x0000000008008626       0x1c /Applications/Ac6/SystemWorkbench.app/Contents/Eclipse/plugins/fr.ac6.mcu.externaltools.arm-none.macos64_1.17.0.201812190825/tools/compiler/bin/../lib/gcc/arm-none-eabi/7.3.1/../../../../arm-none-eabi/lib/thumb/v7-m/libc_nano.a(lib_a-nano-callocr.o)
                0x0000000008008626                _calloc_r
 *fill*         0x0000000008008642        0x2 
 .text._free_r  0x0000000008008644       0x98 /Applications/Ac6/SystemWorkbench.app/Contents/Eclipse/plugins/fr.ac6.mcu.externaltools.arm-none.macos64_1.17.0.201812190825/tools/compiler/bin/../lib/gcc/arm-none-eabi/7.3.1/../../../../arm-none-eabi/lib/thumb/v7-m/libc_nano.a(lib_a-nano-freer.o)
                0x0000000008008644                _free_r
 .text._malloc_r
                0x00000000080086dc       0xb4 /Applications/Ac6/SystemWorkbench.app/Contents/Eclipse/plugins/fr.ac6.mcu.externaltools.arm-none.macos64_1.17.0.201812190825/tools/compiler/bin/../lib/gcc/arm-none-eabi/7.3.1/../../../../arm-none-eabi/lib/thumb/v7-m/libc_nano.a(lib_a-nano-mallocr.o)
                0x00000000080086dc                _malloc_r
 .text.__ssputs_r
                0x0000000008008790       0xb4 /Applications/Ac6/SystemWorkbench.app/Contents/Eclipse/plugins/fr.ac6.mcu.externaltools.arm-none.macos64_1.17.0.201812190825/tools/compiler/bin/../lib/gcc/arm-none-eabi/7.3.1/../../../../arm-none-eabi/lib/thumb/v7-m/libc_nano.a(lib_a-nano-svfprintf.o)
                0x0000000008008790                __ssputs_r
 .text._svfprintf_r
                0x0000000008008844      0x1f0 /Applications/Ac6/SystemWorkbench.app/Contents/Eclipse/plugins/fr.ac6.mcu.externaltools.arm-none.macos64_1.17.0.201812190825/tools/compiler/bin/../lib/gcc/arm-none-eabi/7.3.1/../../../../arm-none-eabi/lib/thumb/v7-m/libc_nano.a(lib_a-nano-svfprintf.o)
                0x0000000008008844                _svfprintf_r
                0x0000000008008844                _svfiprintf_r
 .text._sbrk_r  0x0000000008008a34       0x20 /Applications/Ac6/SystemWorkbench.app/Contents/Eclipse/plugins/fr.ac6.mcu.externaltools.arm-none.macos64_1.17.0.201812190825/tools/compiler/bin/../lib/gcc/arm-none-eabi/7.3.1/../../../../arm-none-eabi/lib/thumb/v7-m/libc_nano.a(lib_a-sbrkr.o)
                0x0000000008008a34                _sbrk_r
 .text.__ascii_mbtowc
                0x0000000008008a54       0x24 /Applications/Ac6/SystemWorkbench.app/Contents/Eclipse/plugins/fr.ac6.mcu.externaltools.arm-none.macos64_1.17.0.201812190825/tools/compiler/bin/../lib/gcc/arm-none-eabi/7.3.1/../../../../arm-none-eabi/lib/thumb/v7-m/libc_nano.a(lib_a-mbtowc_r.o)
                0x0000000008008a54                __ascii_mbtowc
 .text.memmove  0x0000000008008a78       0x32 /Applications/Ac6/SystemWorkbench.app/Contents/Eclipse/plugins/fr.ac6.mcu.externaltools.arm-none.macos64_1.17.0.201812190825/tools/compiler/bin/../lib/gcc/arm-none-eabi/7.3.1/../../../../arm-none-eabi/lib/thumb/v7-m/libc_nano.a(lib_a-memmove.o)
                0x0000000008008a78                memmove
 .text.__malloc_lock
                0x0000000008008aaa        0x2 /Applications/Ac6/SystemWorkbench.app/Contents/Eclipse/plugins/fr.ac6.mcu.externaltools.arm-none.macos64_1.17.0.201812190825/tools/compiler/bin/../lib/gcc/arm-none-eabi/7.3.1/../../../../arm-none-eabi/lib/thumb/v7-m/libc_nano.a(lib_a-mlock.o)
                0x0000000008008aaa                __malloc_lock
 .text.__malloc_unlock
                0x0000000008008aac        0x2 /Applications/Ac6/SystemWorkbench.app/Contents/Eclipse/plugins/fr.ac6.mcu.externaltools.arm-none.macos64_1.17.0.201812190825/tools/compiler/bin/../lib/gcc/arm-none-eabi/7.3.1/../../../../arm-none-eabi/lib/thumb/v7-m/libc_nano.a(lib_a-mlock.o)
                0x0000000008008aac                __malloc_unlock
 .text._realloc_r
                0x0000000008008aae       0x4c /Applications/Ac6/SystemWorkbench.app/Contents/Eclipse/plugins/fr.ac6.mcu.externaltools.arm-none.macos64_1.17.0.201812190825/tools/compiler/bin/../lib/gcc/arm-none-eabi/7.3.1/../../../../arm-none-eabi/lib/thumb/v7-m/libc_nano.a(lib_a-nano-reallocr.o)
                0x0000000008008aae                _realloc_r
 .text.__ascii_wctomb
                0x0000000008008afa       0x1a /Applications/Ac6/SystemWorkbench.app/Contents/Eclipse/plugins/fr.ac6.mcu.externaltools.arm-none.macos64_1.17.0.201812190825/tools/compiler/bin/../lib/gcc/arm-none-eabi/7.3.1/../../../../arm-none-eabi/lib/thumb/v7-m/libc_nano.a(lib_a-wctomb_r.o)
                0x0000000008008afa                __ascii_wctomb
 .text._malloc_usable_size_r
                0x0000000008008b14       0x10 /Applications/Ac6/SystemWorkbench.app/Contents/Eclipse/plugins/fr.ac6.mcu.externaltools.arm-none.macos64_1.17.0.201812190825/tools/compiler/bin/../lib/gcc/arm-none-eabi/7.3.1/../../../../arm-none-eabi/lib/thumb/v7-m/libc_nano.a(lib_a-nano-msizer.o)
                0x0000000008008b14                _malloc_usable_size_r
 *(.glue_7)
 .glue_7        0x0000000008008b24        0x0 linker stubs
 *(.glue_7t)
 .glue_7t       0x0000000008008b24        0x0 linker stubs
 *(.eh_frame)
 .eh_frame      0x0000000008008b24        0x0 /Applications/Ac6/SystemWorkbench.app/Contents/Eclipse/plugins/fr.ac6.mcu.externaltools.arm-none.macos64_1.17.0.201812190825/tools/compiler/bin/../lib/gcc/arm-none-eabi/7.3.1/thumb/v7-m/crtbegin.o
 *(.init)
 .init          0x0000000008008b24        0x4 /Applications/Ac6/SystemWorkbench.app/Contents/Eclipse/plugins/fr.ac6.mcu.externaltools.arm-none.macos64_1.17.0.201812190825/tools/compiler/bin/../lib/gcc/arm-none-eabi/7.3.1/thumb/v7-m/crti.o
                0x0000000008008b24                _init
 .init          0x0000000008008b28        0x8 /Applications/Ac6/SystemWorkbench.app/Contents/Eclipse/plugins/fr.ac6.mcu.externaltools.arm-none.macos64_1.17.0.201812190825/tools/compiler/bin/../lib/gcc/arm-none-eabi/7.3.1/thumb/v7-m/crtn.o
 *(.fini)
 .fini          0x0000000008008b30        0x4 /Applications/Ac6/SystemWorkbench.app/Contents/Eclipse/plugins/fr.ac6.mcu.externaltools.arm-none.macos64_1.17.0.201812190825/tools/compiler/bin/../lib/gcc/arm-none-eabi/7.3.1/thumb/v7-m/crti.o
                0x0000000008008b30                _fini
 .fini          0x0000000008008b34        0x8 /Applications/Ac6/SystemWorkbench.app/Contents/Eclipse/plugins/fr.ac6.mcu.externaltools.arm-none.macos64_1.17.0.201812190825/tools/compiler/bin/../lib/gcc/arm-none-eabi/7.3.1/thumb/v7-m/crtn.o
                0x0000000008008b3c                . = ALIGN (0x4)
                0x0000000008008b3c                _etext = .

.vfp11_veneer   0x0000000008008b3c        0x0
 .vfp11_veneer  0x0000000008008b3c        0x0 linker stubs

.v4_bx          0x0000000008008b3c        0x0
 .v4_bx         0x0000000008008b3c        0x0 linker stubs

.iplt           0x0000000008008b3c        0x0
 .iplt          0x0000000008008b3c        0x0 /Applications/Ac6/SystemWorkbench.app/Contents/Eclipse/plugins/fr.ac6.mcu.externaltools.arm-none.macos64_1.17.0.201812190825/tools/compiler/bin/../lib/gcc/arm-none-eabi/7.3.1/thumb/v7-m/crtbegin.o

.rodata         0x0000000008008b40     0x2d10
                0x0000000008008b40                . = ALIGN (0x4)
 *(.rodata)
 .rodata        0x0000000008008b40       0x10 Drivers/STM32F1xx_HAL_Driver/Src/stm32f1xx_hal_rcc.o
 .rodata        0x0000000008008b50       0x99 Src/CC1101.o
                0x0000000008008b50                Cfg_AM_433
                0x0000000008008b98                Cfg_FM_433
                0x0000000008008be4                Cfg_WFM_433
                0x0000000008008be8                Cfg_WFM_313
 *fill*         0x0000000008008be9        0x3 
 .rodata        0x0000000008008bec     0x2814 Src/fonts.o
                0x0000000008008bec                Font16x26
                0x0000000008009f38                Font11x18
                0x000000000800ac94                Font7x10
 .rodata        0x000000000800b400       0x18 Src/system_stm32f1xx.o
                0x000000000800b400                AHBPrescTable
                0x000000000800b410                APBPrescTable
 *(.rodata*)
 .rodata.str1.4
                0x000000000800b418       0x6d Src/433Modem.o
 *fill*         0x000000000800b485        0x3 
 .rodata.str1.4
                0x000000000800b488       0x3e Src/Alligator.o
 *fill*         0x000000000800b4c6        0x2 
 .rodata.str1.4
                0x000000000800b4c8       0x7e Src/Fun_Menu.o
 *fill*         0x000000000800b546        0x2 
 .rodata.str1.4
                0x000000000800b548       0x13 Src/Menu.o
 *fill*         0x000000000800b55b        0x1 
 .rodata.str1.4
                0x000000000800b55c        0xa Src/Princeton.o
 *fill*         0x000000000800b566        0x2 
 .rodata.str1.4
                0x000000000800b568       0x11 Src/PrincetonPT2240.o
 *fill*         0x000000000800b579        0x3 
 .rodata.str1.4
                0x000000000800b57c        0x9 Src/StarLine.o
                                         0x3e (size before relaxing)
 *fill*         0x000000000800b585        0x3 
 .rodata.str1.4
                0x000000000800b588        0x5 Src/came.o
 *fill*         0x000000000800b58d        0x3 
 .rodata.str1.4
                0x000000000800b590        0x7 Src/keelog.o
                                         0x3a (size before relaxing)
 *fill*         0x000000000800b597        0x1 
 .rodata.str1.4
                0x000000000800b598       0x37 Src/main.o
 *fill*         0x000000000800b5cf        0x1 
 .rodata.str1.4
                0x000000000800b5d0        0x5 Src/nice.o
 *fill*         0x000000000800b5d5        0x3 
 .rodata.str1.4
                0x000000000800b5d8       0x1c Src/stm32f1xx_hal_msp.o
                                         0x1b (size before relaxing)
 .rodata._printf_float.str1.1
                0x000000000800b5f4       0x12 /Applications/Ac6/SystemWorkbench.app/Contents/Eclipse/plugins/fr.ac6.mcu.externaltools.arm-none.macos64_1.17.0.201812190825/tools/compiler/bin/../lib/gcc/arm-none-eabi/7.3.1/../../../../arm-none-eabi/lib/thumb/v7-m/libc_nano.a(lib_a-nano-vfprintf_float.o)
 .rodata._printf_i.str1.1
                0x000000000800b606       0x22 /Applications/Ac6/SystemWorkbench.app/Contents/Eclipse/plugins/fr.ac6.mcu.externaltools.arm-none.macos64_1.17.0.201812190825/tools/compiler/bin/../lib/gcc/arm-none-eabi/7.3.1/../../../../arm-none-eabi/lib/thumb/v7-m/libc_nano.a(lib_a-nano-vfprintf_i.o)
 .rodata._dtoa_r.str1.1
                0x000000000800b628        0xd /Applications/Ac6/SystemWorkbench.app/Contents/Eclipse/plugins/fr.ac6.mcu.externaltools.arm-none.macos64_1.17.0.201812190825/tools/compiler/bin/../lib/gcc/arm-none-eabi/7.3.1/../../../../arm-none-eabi/lib/thumb/v7-m/libc_nano.a(lib_a-dtoa.o)
                                          0xf (size before relaxing)
 *fill*         0x000000000800b635        0x3 
 .rodata.__mprec_bigtens
                0x000000000800b638       0x28 /Applications/Ac6/SystemWorkbench.app/Contents/Eclipse/plugins/fr.ac6.mcu.externaltools.arm-none.macos64_1.17.0.201812190825/tools/compiler/bin/../lib/gcc/arm-none-eabi/7.3.1/../../../../arm-none-eabi/lib/thumb/v7-m/libc_nano.a(lib_a-mprec.o)
                0x000000000800b638                __mprec_bigtens
 .rodata.__mprec_tens
                0x000000000800b660       0xc8 /Applications/Ac6/SystemWorkbench.app/Contents/Eclipse/plugins/fr.ac6.mcu.externaltools.arm-none.macos64_1.17.0.201812190825/tools/compiler/bin/../lib/gcc/arm-none-eabi/7.3.1/../../../../arm-none-eabi/lib/thumb/v7-m/libc_nano.a(lib_a-mprec.o)
                0x000000000800b660                __mprec_tens
 .rodata.p05.6084
                0x000000000800b728        0xc /Applications/Ac6/SystemWorkbench.app/Contents/Eclipse/plugins/fr.ac6.mcu.externaltools.arm-none.macos64_1.17.0.201812190825/tools/compiler/bin/../lib/gcc/arm-none-eabi/7.3.1/../../../../arm-none-eabi/lib/thumb/v7-m/libc_nano.a(lib_a-mprec.o)
 .rodata._svfprintf_r.str1.1
                0x000000000800b734       0x11 /Applications/Ac6/SystemWorkbench.app/Contents/Eclipse/plugins/fr.ac6.mcu.externaltools.arm-none.macos64_1.17.0.201812190825/tools/compiler/bin/../lib/gcc/arm-none-eabi/7.3.1/../../../../arm-none-eabi/lib/thumb/v7-m/libc_nano.a(lib_a-nano-svfprintf.o)
 .rodata._setlocale_r.str1.1
                0x000000000800b745        0x8 /Applications/Ac6/SystemWorkbench.app/Contents/Eclipse/plugins/fr.ac6.mcu.externaltools.arm-none.macos64_1.17.0.201812190825/tools/compiler/bin/../lib/gcc/arm-none-eabi/7.3.1/../../../../arm-none-eabi/lib/thumb/v7-m/libc_nano.a(lib_a-locale.o)
                                          0x9 (size before relaxing)
 .rodata.str1.1
                0x000000000800b74d        0x2 /Applications/Ac6/SystemWorkbench.app/Contents/Eclipse/plugins/fr.ac6.mcu.externaltools.arm-none.macos64_1.17.0.201812190825/tools/compiler/bin/../lib/gcc/arm-none-eabi/7.3.1/../../../../arm-none-eabi/lib/thumb/v7-m/libc_nano.a(lib_a-locale.o)
 .rodata._ctype_
                0x000000000800b74f      0x101 /Applications/Ac6/SystemWorkbench.app/Contents/Eclipse/plugins/fr.ac6.mcu.externaltools.arm-none.macos64_1.17.0.201812190825/tools/compiler/bin/../lib/gcc/arm-none-eabi/7.3.1/../../../../arm-none-eabi/lib/thumb/v7-m/libc_nano.a(lib_a-ctype_.o)
                0x000000000800b74f                _ctype_
                0x000000000800b850                . = ALIGN (0x4)

.rel.dyn        0x000000000800b850        0x0
 .rel.iplt      0x000000000800b850        0x0 /Applications/Ac6/SystemWorkbench.app/Contents/Eclipse/plugins/fr.ac6.mcu.externaltools.arm-none.macos64_1.17.0.201812190825/tools/compiler/bin/../lib/gcc/arm-none-eabi/7.3.1/thumb/v7-m/crtbegin.o

.ARM.extab
 *(.ARM.extab* .gnu.linkonce.armextab.*)

.ARM            0x000000000800b850        0x0
                0x000000000800b850                __exidx_start = .
 *(.ARM.exidx*)
                0x000000000800b850                __exidx_end = .

.preinit_array  0x000000000800b850        0x0
                0x000000000800b850                PROVIDE (__preinit_array_start = .)
 *(.preinit_array*)
                0x000000000800b850                PROVIDE (__preinit_array_end = .)

.init_array     0x000000000800b850        0x4
                0x000000000800b850                PROVIDE (__init_array_start = .)
 *(SORT_BY_NAME(.init_array.*))
 *(.init_array*)
 .init_array    0x000000000800b850        0x4 /Applications/Ac6/SystemWorkbench.app/Contents/Eclipse/plugins/fr.ac6.mcu.externaltools.arm-none.macos64_1.17.0.201812190825/tools/compiler/bin/../lib/gcc/arm-none-eabi/7.3.1/thumb/v7-m/crtbegin.o
                0x000000000800b854                PROVIDE (__init_array_end = .)

.fini_array     0x000000000800b854        0x4
                [!provide]                        PROVIDE (__fini_array_start = .)
 *(SORT_BY_NAME(.fini_array.*))
 *(.fini_array*)
 .fini_array    0x000000000800b854        0x4 /Applications/Ac6/SystemWorkbench.app/Contents/Eclipse/plugins/fr.ac6.mcu.externaltools.arm-none.macos64_1.17.0.201812190825/tools/compiler/bin/../lib/gcc/arm-none-eabi/7.3.1/thumb/v7-m/crtbegin.o
                [!provide]                        PROVIDE (__fini_array_end = .)
                0x000000000800b858                _sidata = LOADADDR (.data)

.data           0x0000000020000000      0x678 load address 0x000000000800b858
                0x0000000020000000                . = ALIGN (0x4)
                0x0000000020000000                _sdata = .
 *(.data)
 .data          0x0000000020000000        0x2 Src/Fun_Menu.o
                0x0000000020000000                SCAN
                0x0000000020000001                Status_Menu
 *fill*         0x0000000020000002        0x2 
 .data          0x0000000020000004      0x488 Src/Menu.o
                0x0000000020000004                m_s1i1
                0x000000002000002c                m_s7i8
                0x0000000020000054                m_s7i7
                0x000000002000007c                m_s7i6
                0x00000000200000a4                m_s7i5
                0x00000000200000cc                m_s7i4
                0x00000000200000f4                m_s7i3
                0x000000002000011c                m_s7i2
                0x0000000020000144                m_s7i1
                0x000000002000016c                m_s6i8
                0x0000000020000194                m_s6i7
                0x00000000200001bc                m_s6i6
                0x00000000200001e4                m_s6i5
                0x000000002000020c                m_s6i4
                0x0000000020000234                m_s6i3
                0x000000002000025c                m_s6i2
                0x0000000020000284                m_s6i1
                0x00000000200002ac                m_s5i2
                0x00000000200002d4                m_s5i1
                0x00000000200002fc                m_s4i2
                0x0000000020000324                m_s4i1
                0x000000002000034c                m_s3i2
                0x0000000020000374                m_s3i1
                0x000000002000039c                m_s2i4
                0x00000000200003c4                m_s2i3
                0x00000000200003ec                m_s2i2
                0x0000000020000414                m_s2i1
                0x000000002000043c                m_s1i3
                0x0000000020000464                m_s1i2
 .data          0x000000002000048c       0x18 Src/fonts.o
                0x000000002000048c                Font_16x26
                0x0000000020000494                Font_11x18
                0x000000002000049c                Font_7x10
 .data          0x00000000200004a4        0x4 Src/system_stm32f1xx.o
                0x00000000200004a4                SystemCoreClock
 *(.data*)
 .data._impure_ptr
                0x00000000200004a8        0x4 /Applications/Ac6/SystemWorkbench.app/Contents/Eclipse/plugins/fr.ac6.mcu.externaltools.arm-none.macos64_1.17.0.201812190825/tools/compiler/bin/../lib/gcc/arm-none-eabi/7.3.1/../../../../arm-none-eabi/lib/thumb/v7-m/libc_nano.a(lib_a-impure.o)
                0x00000000200004a8                _impure_ptr
 .data.impure_data
                0x00000000200004ac       0x60 /Applications/Ac6/SystemWorkbench.app/Contents/Eclipse/plugins/fr.ac6.mcu.externaltools.arm-none.macos64_1.17.0.201812190825/tools/compiler/bin/../lib/gcc/arm-none-eabi/7.3.1/../../../../arm-none-eabi/lib/thumb/v7-m/libc_nano.a(lib_a-impure.o)
 .data.__global_locale
                0x000000002000050c      0x16c /Applications/Ac6/SystemWorkbench.app/Contents/Eclipse/plugins/fr.ac6.mcu.externaltools.arm-none.macos64_1.17.0.201812190825/tools/compiler/bin/../lib/gcc/arm-none-eabi/7.3.1/../../../../arm-none-eabi/lib/thumb/v7-m/libc_nano.a(lib_a-locale.o)
                0x000000002000050c                __global_locale
                0x0000000020000678                . = ALIGN (0x4)
                0x0000000020000678                _edata = .

.igot.plt       0x0000000020000678        0x0 load address 0x000000000800bed0
 .igot.plt      0x0000000020000678        0x0 /Applications/Ac6/SystemWorkbench.app/Contents/Eclipse/plugins/fr.ac6.mcu.externaltools.arm-none.macos64_1.17.0.201812190825/tools/compiler/bin/../lib/gcc/arm-none-eabi/7.3.1/thumb/v7-m/crtbegin.o
                0x0000000020000678                . = ALIGN (0x4)

.bss            0x0000000020000678     0x10e4 load address 0x000000000800bed0
                0x0000000020000678                _sbss = .
                0x0000000020000678                __bss_start__ = _sbss
 *(.bss)
 .bss           0x0000000020000678       0x1c /Applications/Ac6/SystemWorkbench.app/Contents/Eclipse/plugins/fr.ac6.mcu.externaltools.arm-none.macos64_1.17.0.201812190825/tools/compiler/bin/../lib/gcc/arm-none-eabi/7.3.1/thumb/v7-m/crtbegin.o
 .bss           0x0000000020000694        0x4 Drivers/STM32F1xx_HAL_Driver/Src/stm32f1xx_hal.o
 .bss           0x0000000020000698        0x1 Drivers/STM32F1xx_HAL_Driver/Src/stm32f1xx_hal_spi_ex.o
                0x0000000020000698                uCRCErrorWorkaroundCheck
 *fill*         0x0000000020000699        0x1 
 .bss           0x000000002000069a        0x6 Src/433Modem.o
                0x000000002000069a                in
                0x000000002000069c                ind_write
                0x000000002000069e                ind_read
 .bss           0x00000000200006a0        0xc Src/CC1101.o
                0x00000000200006a8                fr
 .bss           0x00000000200006ac        0x5 Src/Fun_Menu.o
                0x00000000200006ac                cod
                0x00000000200006b0                e
 *fill*         0x00000000200006b1        0x3 
 .bss           0x00000000200006b4       0x29 Src/Menu.o
                0x00000000200006b4                Null_Menu
                0x00000000200006dc                strNULL
 .bss           0x00000000200006dd        0x1 Src/keelog.o
                0x00000000200006dd                Count_Preambula
 *fill*         0x00000000200006de        0x2 
 .bss           0x00000000200006e0        0x4 Src/main.o
                0x00000000200006e0                Time_Start_led
 .bss           0x00000000200006e4      0x40e Src/ssd1306.o
 *fill*         0x0000000020000af2        0x2 
 .bss           0x0000000020000af4        0x8 Src/syscalls.o
                0x0000000020000af8                __env
 *(.bss*)
 .bss.__malloc_free_list
                0x0000000020000afc        0x4 /Applications/Ac6/SystemWorkbench.app/Contents/Eclipse/plugins/fr.ac6.mcu.externaltools.arm-none.macos64_1.17.0.201812190825/tools/compiler/bin/../lib/gcc/arm-none-eabi/7.3.1/../../../../arm-none-eabi/lib/thumb/v7-m/libc_nano.a(lib_a-nano-mallocr.o)
                0x0000000020000afc                __malloc_free_list
 .bss.__malloc_sbrk_start
                0x0000000020000b00        0x4 /Applications/Ac6/SystemWorkbench.app/Contents/Eclipse/plugins/fr.ac6.mcu.externaltools.arm-none.macos64_1.17.0.201812190825/tools/compiler/bin/../lib/gcc/arm-none-eabi/7.3.1/../../../../arm-none-eabi/lib/thumb/v7-m/libc_nano.a(lib_a-nano-mallocr.o)
                0x0000000020000b00                __malloc_sbrk_start
 *(COMMON)
 COMMON         0x0000000020000b04      0x800 Src/433Modem.o
                0x0000000020000b04                buf
 *fill*         0x0000000020001304        0x4 
 COMMON         0x0000000020001308       0x38 Src/Alligator.o
                0x0000000020001308                ALLIGATOR
 COMMON         0x0000000020001340        0x2 Src/CC1101.o
                0x0000000020001340                CS_PIN
 *fill*         0x0000000020001342        0x2 
 COMMON         0x0000000020001344       0x50 Src/Fun_Menu.o
                0x0000000020001344                Navig
                0x0000000020001348                CDCTX
                0x0000000020001388                Brut
 COMMON         0x0000000020001394       0x54 Src/Menu.o
                0x0000000020001394                ParentText
                0x00000000200013e4                selectedMenuItem
 COMMON         0x00000000200013e8       0x38 Src/Princeton.o
                0x00000000200013e8                PRINCETON
 COMMON         0x0000000020001420       0x38 Src/PrincetonPT2240.o
                0x0000000020001420                PRINCETON_PT2240
 COMMON         0x0000000020001458       0x38 Src/StarLine.o
                0x0000000020001458                STARLINE
 COMMON         0x0000000020001490       0x38 Src/came.o
                0x0000000020001490                CAME
 COMMON         0x00000000200014c8       0x38 Src/keelog.o
                0x00000000200014c8                KEELOG
 COMMON         0x0000000020001500      0x21c Src/main.o
                0x0000000020001500                t
                0x0000000020001504                hspi2
                0x000000002000155c                htim4
                0x0000000020001598                hdma_i2c1_tx
                0x00000000200015d0                hi2c1
                0x000000002000160c                htim3
                0x0000000020001648                hadc1
                0x0000000020001678                BufTX
                0x00000000200016dc                huart1
 *fill*         0x000000002000171c        0x4 
 COMMON         0x0000000020001720       0x38 Src/nice.o
                0x0000000020001720                NICE
 COMMON         0x0000000020001758        0x4 /Applications/Ac6/SystemWorkbench.app/Contents/Eclipse/plugins/fr.ac6.mcu.externaltools.arm-none.macos64_1.17.0.201812190825/tools/compiler/bin/../lib/gcc/arm-none-eabi/7.3.1/../../../../arm-none-eabi/lib/thumb/v7-m/libc_nano.a(lib_a-reent.o)
                0x0000000020001758                errno
                0x000000002000175c                . = ALIGN (0x4)
                0x000000002000175c                _ebss = .
                0x000000002000175c                __bss_end__ = _ebss

._user_heap_stack
                0x000000002000175c      0x604 load address 0x000000000800bed0
                0x0000000020001760                . = ALIGN (0x8)
 *fill*         0x000000002000175c        0x4 
                0x0000000020001760                PROVIDE (end = .)
                [!provide]                        PROVIDE (_end = .)
                0x0000000020001960                . = (. + _Min_Heap_Size)
 *fill*         0x0000000020001760      0x200 
                0x0000000020001d60                . = (. + _Min_Stack_Size)
 *fill*         0x0000000020001960      0x400 
                0x0000000020001d60                . = ALIGN (0x8)

/DISCARD/
 libc.a(*)
 libm.a(*)
 libgcc.a(*)

.ARM.attributes
                0x0000000000000000       0x29
 *(.ARM.attributes)
 .ARM.attributes
                0x0000000000000000       0x1d /Applications/Ac6/SystemWorkbench.app/Contents/Eclipse/plugins/fr.ac6.mcu.externaltools.arm-none.macos64_1.17.0.201812190825/tools/compiler/bin/../lib/gcc/arm-none-eabi/7.3.1/thumb/v7-m/crti.o
 .ARM.attributes
                0x000000000000001d       0x2d /Applications/Ac6/SystemWorkbench.app/Contents/Eclipse/plugins/fr.ac6.mcu.externaltools.arm-none.macos64_1.17.0.201812190825/tools/compiler/bin/../lib/gcc/arm-none-eabi/7.3.1/thumb/v7-m/crtbegin.o
 .ARM.attributes
                0x000000000000004a       0x33 Drivers/STM32F1xx_HAL_Driver/Src/stm32f1xx_hal.o
 .ARM.attributes
                0x000000000000007d       0x33 Drivers/STM32F1xx_HAL_Driver/Src/stm32f1xx_hal_adc.o
 .ARM.attributes
                0x00000000000000b0       0x33 Drivers/STM32F1xx_HAL_Driver/Src/stm32f1xx_hal_cortex.o
 .ARM.attributes
                0x00000000000000e3       0x33 Drivers/STM32F1xx_HAL_Driver/Src/stm32f1xx_hal_dma.o
 .ARM.attributes
                0x0000000000000116       0x33 Drivers/STM32F1xx_HAL_Driver/Src/stm32f1xx_hal_gpio.o
 .ARM.attributes
                0x0000000000000149       0x33 Drivers/STM32F1xx_HAL_Driver/Src/stm32f1xx_hal_i2c.o
 .ARM.attributes
                0x000000000000017c       0x33 Drivers/STM32F1xx_HAL_Driver/Src/stm32f1xx_hal_rcc.o
 .ARM.attributes
                0x00000000000001af       0x33 Drivers/STM32F1xx_HAL_Driver/Src/stm32f1xx_hal_rcc_ex.o
 .ARM.attributes
                0x00000000000001e2       0x33 Drivers/STM32F1xx_HAL_Driver/Src/stm32f1xx_hal_spi.o
 .ARM.attributes
                0x0000000000000215       0x33 Drivers/STM32F1xx_HAL_Driver/Src/stm32f1xx_hal_spi_ex.o
 .ARM.attributes
                0x0000000000000248       0x33 Drivers/STM32F1xx_HAL_Driver/Src/stm32f1xx_hal_tim.o
 .ARM.attributes
                0x000000000000027b       0x33 Drivers/STM32F1xx_HAL_Driver/Src/stm32f1xx_hal_tim_ex.o
 .ARM.attributes
                0x00000000000002ae       0x33 Drivers/STM32F1xx_HAL_Driver/Src/stm32f1xx_hal_uart.o
 .ARM.attributes
                0x00000000000002e1       0x33 Src/433Modem.o
 .ARM.attributes
                0x0000000000000314       0x33 Src/Alligator.o
 .ARM.attributes
                0x0000000000000347       0x33 Src/CC1101.o
 .ARM.attributes
                0x000000000000037a       0x33 Src/Fun_Menu.o
 .ARM.attributes
                0x00000000000003ad       0x33 Src/Menu.o
 .ARM.attributes
                0x00000000000003e0       0x33 Src/Princeton.o
 .ARM.attributes
                0x0000000000000413       0x33 Src/PrincetonPT2240.o
 .ARM.attributes
                0x0000000000000446       0x33 Src/StarLine.o
 .ARM.attributes
                0x0000000000000479       0x33 Src/came.o
 .ARM.attributes
                0x00000000000004ac       0x33 Src/dwt_stm32_delay.o
 .ARM.attributes
                0x00000000000004df       0x33 Src/fonts.o
 .ARM.attributes
                0x0000000000000512       0x33 Src/keelog.o
 .ARM.attributes
                0x0000000000000545       0x33 Src/main.o
 .ARM.attributes
                0x0000000000000578       0x33 Src/nice.o
 .ARM.attributes
                0x00000000000005ab       0x33 Src/ssd1306.o
 .ARM.attributes
                0x00000000000005de       0x33 Src/stm32f1xx_hal_msp.o
 .ARM.attributes
                0x0000000000000611       0x33 Src/stm32f1xx_it.o
 .ARM.attributes
                0x0000000000000644       0x33 Src/syscalls.o
 .ARM.attributes
                0x0000000000000677       0x33 Src/system_stm32f1xx.o
 .ARM.attributes
                0x00000000000006aa       0x21 startup/startup_stm32f103xb.o
 .ARM.attributes
                0x00000000000006cb       0x1d /Applications/Ac6/SystemWorkbench.app/Contents/Eclipse/plugins/fr.ac6.mcu.externaltools.arm-none.macos64_1.17.0.201812190825/tools/compiler/bin/../lib/gcc/arm-none-eabi/7.3.1/thumb/v7-m/libgcc.a(_arm_addsubdf3.o)
 .ARM.attributes
                0x00000000000006e8       0x1d /Applications/Ac6/SystemWorkbench.app/Contents/Eclipse/plugins/fr.ac6.mcu.externaltools.arm-none.macos64_1.17.0.201812190825/tools/compiler/bin/../lib/gcc/arm-none-eabi/7.3.1/thumb/v7-m/libgcc.a(_arm_addsubsf3.o)
 .ARM.attributes
                0x0000000000000705       0x1d /Applications/Ac6/SystemWorkbench.app/Contents/Eclipse/plugins/fr.ac6.mcu.externaltools.arm-none.macos64_1.17.0.201812190825/tools/compiler/bin/../lib/gcc/arm-none-eabi/7.3.1/thumb/v7-m/libgcc.a(_arm_muldivsf3.o)
 .ARM.attributes
                0x0000000000000722       0x2d /Applications/Ac6/SystemWorkbench.app/Contents/Eclipse/plugins/fr.ac6.mcu.externaltools.arm-none.macos64_1.17.0.201812190825/tools/compiler/bin/../lib/gcc/arm-none-eabi/7.3.1/../../../../arm-none-eabi/lib/thumb/v7-m/libc_nano.a(lib_a-errno.o)
 .ARM.attributes
                0x000000000000074f       0x2d /Applications/Ac6/SystemWorkbench.app/Contents/Eclipse/plugins/fr.ac6.mcu.externaltools.arm-none.macos64_1.17.0.201812190825/tools/compiler/bin/../lib/gcc/arm-none-eabi/7.3.1/../../../../arm-none-eabi/lib/thumb/v7-m/libc_nano.a(lib_a-impure.o)
 .ARM.attributes
                0x000000000000077c       0x2d /Applications/Ac6/SystemWorkbench.app/Contents/Eclipse/plugins/fr.ac6.mcu.externaltools.arm-none.macos64_1.17.0.201812190825/tools/compiler/bin/../lib/gcc/arm-none-eabi/7.3.1/../../../../arm-none-eabi/lib/thumb/v7-m/libc_nano.a(lib_a-init.o)
 .ARM.attributes
                0x00000000000007a9       0x2d /Applications/Ac6/SystemWorkbench.app/Contents/Eclipse/plugins/fr.ac6.mcu.externaltools.arm-none.macos64_1.17.0.201812190825/tools/compiler/bin/../lib/gcc/arm-none-eabi/7.3.1/../../../../arm-none-eabi/lib/thumb/v7-m/libc_nano.a(lib_a-memset.o)
 .ARM.attributes
                0x00000000000007d6       0x2d /Applications/Ac6/SystemWorkbench.app/Contents/Eclipse/plugins/fr.ac6.mcu.externaltools.arm-none.macos64_1.17.0.201812190825/tools/compiler/bin/../lib/gcc/arm-none-eabi/7.3.1/../../../../arm-none-eabi/lib/thumb/v7-m/libc_nano.a(lib_a-nano-vfprintf_float.o)
 .ARM.attributes
                0x0000000000000803       0x2d /Applications/Ac6/SystemWorkbench.app/Contents/Eclipse/plugins/fr.ac6.mcu.externaltools.arm-none.macos64_1.17.0.201812190825/tools/compiler/bin/../lib/gcc/arm-none-eabi/7.3.1/../../../../arm-none-eabi/lib/thumb/v7-m/libc_nano.a(lib_a-nano-vfprintf_i.o)
 .ARM.attributes
                0x0000000000000830       0x2d /Applications/Ac6/SystemWorkbench.app/Contents/Eclipse/plugins/fr.ac6.mcu.externaltools.arm-none.macos64_1.17.0.201812190825/tools/compiler/bin/../lib/gcc/arm-none-eabi/7.3.1/../../../../arm-none-eabi/lib/thumb/v7-m/libc_nano.a(lib_a-snprintf.o)
 .ARM.attributes
                0x000000000000085d       0x17 /Applications/Ac6/SystemWorkbench.app/Contents/Eclipse/plugins/fr.ac6.mcu.externaltools.arm-none.macos64_1.17.0.201812190825/tools/compiler/bin/../lib/gcc/arm-none-eabi/7.3.1/../../../../arm-none-eabi/lib/thumb/v7-m/libc_nano.a(lib_a-strlen.o)
 .ARM.attributes
                0x0000000000000874       0x2d /Applications/Ac6/SystemWorkbench.app/Contents/Eclipse/plugins/fr.ac6.mcu.externaltools.arm-none.macos64_1.17.0.201812190825/tools/compiler/bin/../lib/gcc/arm-none-eabi/7.3.1/../../../../arm-none-eabi/lib/thumb/v7-m/libc_nano.a(lib_a-dtoa.o)
 .ARM.attributes
                0x00000000000008a1       0x2d /Applications/Ac6/SystemWorkbench.app/Contents/Eclipse/plugins/fr.ac6.mcu.externaltools.arm-none.macos64_1.17.0.201812190825/tools/compiler/bin/../lib/gcc/arm-none-eabi/7.3.1/../../../../arm-none-eabi/lib/thumb/v7-m/libc_nano.a(lib_a-localeconv.o)
 .ARM.attributes
                0x00000000000008ce       0x2d /Applications/Ac6/SystemWorkbench.app/Contents/Eclipse/plugins/fr.ac6.mcu.externaltools.arm-none.macos64_1.17.0.201812190825/tools/compiler/bin/../lib/gcc/arm-none-eabi/7.3.1/../../../../arm-none-eabi/lib/thumb/v7-m/libc_nano.a(lib_a-malloc.o)
 .ARM.attributes
                0x00000000000008fb       0x2d /Applications/Ac6/SystemWorkbench.app/Contents/Eclipse/plugins/fr.ac6.mcu.externaltools.arm-none.macos64_1.17.0.201812190825/tools/compiler/bin/../lib/gcc/arm-none-eabi/7.3.1/../../../../arm-none-eabi/lib/thumb/v7-m/libc_nano.a(lib_a-memchr-stub.o)
 .ARM.attributes
                0x0000000000000928       0x2d /Applications/Ac6/SystemWorkbench.app/Contents/Eclipse/plugins/fr.ac6.mcu.externaltools.arm-none.macos64_1.17.0.201812190825/tools/compiler/bin/../lib/gcc/arm-none-eabi/7.3.1/../../../../arm-none-eabi/lib/thumb/v7-m/libc_nano.a(lib_a-memcpy-stub.o)
 .ARM.attributes
                0x0000000000000955       0x2d /Applications/Ac6/SystemWorkbench.app/Contents/Eclipse/plugins/fr.ac6.mcu.externaltools.arm-none.macos64_1.17.0.201812190825/tools/compiler/bin/../lib/gcc/arm-none-eabi/7.3.1/../../../../arm-none-eabi/lib/thumb/v7-m/libc_nano.a(lib_a-mprec.o)
 .ARM.attributes
                0x0000000000000982       0x2d /Applications/Ac6/SystemWorkbench.app/Contents/Eclipse/plugins/fr.ac6.mcu.externaltools.arm-none.macos64_1.17.0.201812190825/tools/compiler/bin/../lib/gcc/arm-none-eabi/7.3.1/../../../../arm-none-eabi/lib/thumb/v7-m/libc_nano.a(lib_a-nano-callocr.o)
 .ARM.attributes
                0x00000000000009af       0x2d /Applications/Ac6/SystemWorkbench.app/Contents/Eclipse/plugins/fr.ac6.mcu.externaltools.arm-none.macos64_1.17.0.201812190825/tools/compiler/bin/../lib/gcc/arm-none-eabi/7.3.1/../../../../arm-none-eabi/lib/thumb/v7-m/libc_nano.a(lib_a-nano-freer.o)
 .ARM.attributes
                0x00000000000009dc       0x2d /Applications/Ac6/SystemWorkbench.app/Contents/Eclipse/plugins/fr.ac6.mcu.externaltools.arm-none.macos64_1.17.0.201812190825/tools/compiler/bin/../lib/gcc/arm-none-eabi/7.3.1/../../../../arm-none-eabi/lib/thumb/v7-m/libc_nano.a(lib_a-nano-mallocr.o)
 .ARM.attributes
                0x0000000000000a09       0x2d /Applications/Ac6/SystemWorkbench.app/Contents/Eclipse/plugins/fr.ac6.mcu.externaltools.arm-none.macos64_1.17.0.201812190825/tools/compiler/bin/../lib/gcc/arm-none-eabi/7.3.1/../../../../arm-none-eabi/lib/thumb/v7-m/libc_nano.a(lib_a-nano-svfprintf.o)
 .ARM.attributes
                0x0000000000000a36       0x2d /Applications/Ac6/SystemWorkbench.app/Contents/Eclipse/plugins/fr.ac6.mcu.externaltools.arm-none.macos64_1.17.0.201812190825/tools/compiler/bin/../lib/gcc/arm-none-eabi/7.3.1/../../../../arm-none-eabi/lib/thumb/v7-m/libc_nano.a(lib_a-sbrkr.o)
 .ARM.attributes
                0x0000000000000a63       0x2d /Applications/Ac6/SystemWorkbench.app/Contents/Eclipse/plugins/fr.ac6.mcu.externaltools.arm-none.macos64_1.17.0.201812190825/tools/compiler/bin/../lib/gcc/arm-none-eabi/7.3.1/../../../../arm-none-eabi/lib/thumb/v7-m/libc_nano.a(lib_a-locale.o)
 .ARM.attributes
                0x0000000000000a90       0x2d /Applications/Ac6/SystemWorkbench.app/Contents/Eclipse/plugins/fr.ac6.mcu.externaltools.arm-none.macos64_1.17.0.201812190825/tools/compiler/bin/../lib/gcc/arm-none-eabi/7.3.1/../../../../arm-none-eabi/lib/thumb/v7-m/libc_nano.a(lib_a-mbtowc_r.o)
 .ARM.attributes
                0x0000000000000abd       0x2d /Applications/Ac6/SystemWorkbench.app/Contents/Eclipse/plugins/fr.ac6.mcu.externaltools.arm-none.macos64_1.17.0.201812190825/tools/compiler/bin/../lib/gcc/arm-none-eabi/7.3.1/../../../../arm-none-eabi/lib/thumb/v7-m/libc_nano.a(lib_a-memmove.o)
 .ARM.attributes
                0x0000000000000aea       0x2d /Applications/Ac6/SystemWorkbench.app/Contents/Eclipse/plugins/fr.ac6.mcu.externaltools.arm-none.macos64_1.17.0.201812190825/tools/compiler/bin/../lib/gcc/arm-none-eabi/7.3.1/../../../../arm-none-eabi/lib/thumb/v7-m/libc_nano.a(lib_a-mlock.o)
 .ARM.attributes
                0x0000000000000b17       0x2d /Applications/Ac6/SystemWorkbench.app/Contents/Eclipse/plugins/fr.ac6.mcu.externaltools.arm-none.macos64_1.17.0.201812190825/tools/compiler/bin/../lib/gcc/arm-none-eabi/7.3.1/../../../../arm-none-eabi/lib/thumb/v7-m/libc_nano.a(lib_a-nano-reallocr.o)
 .ARM.attributes
                0x0000000000000b44       0x2d /Applications/Ac6/SystemWorkbench.app/Contents/Eclipse/plugins/fr.ac6.mcu.externaltools.arm-none.macos64_1.17.0.201812190825/tools/compiler/bin/../lib/gcc/arm-none-eabi/7.3.1/../../../../arm-none-eabi/lib/thumb/v7-m/libc_nano.a(lib_a-reent.o)
 .ARM.attributes
                0x0000000000000b71       0x2d /Applications/Ac6/SystemWorkbench.app/Contents/Eclipse/plugins/fr.ac6.mcu.externaltools.arm-none.macos64_1.17.0.201812190825/tools/compiler/bin/../lib/gcc/arm-none-eabi/7.3.1/../../../../arm-none-eabi/lib/thumb/v7-m/libc_nano.a(lib_a-wctomb_r.o)
 .ARM.attributes
                0x0000000000000b9e       0x2d /Applications/Ac6/SystemWorkbench.app/Contents/Eclipse/plugins/fr.ac6.mcu.externaltools.arm-none.macos64_1.17.0.201812190825/tools/compiler/bin/../lib/gcc/arm-none-eabi/7.3.1/../../../../arm-none-eabi/lib/thumb/v7-m/libc_nano.a(lib_a-ctype_.o)
 .ARM.attributes
                0x0000000000000bcb       0x2d /Applications/Ac6/SystemWorkbench.app/Contents/Eclipse/plugins/fr.ac6.mcu.externaltools.arm-none.macos64_1.17.0.201812190825/tools/compiler/bin/../lib/gcc/arm-none-eabi/7.3.1/../../../../arm-none-eabi/lib/thumb/v7-m/libc_nano.a(lib_a-nano-msizer.o)
 .ARM.attributes
                0x0000000000000bf8       0x1d /Applications/Ac6/SystemWorkbench.app/Contents/Eclipse/plugins/fr.ac6.mcu.externaltools.arm-none.macos64_1.17.0.201812190825/tools/compiler/bin/../lib/gcc/arm-none-eabi/7.3.1/thumb/v7-m/libgcc.a(_arm_muldivdf3.o)
 .ARM.attributes
                0x0000000000000c15       0x1d /Applications/Ac6/SystemWorkbench.app/Contents/Eclipse/plugins/fr.ac6.mcu.externaltools.arm-none.macos64_1.17.0.201812190825/tools/compiler/bin/../lib/gcc/arm-none-eabi/7.3.1/thumb/v7-m/libgcc.a(_arm_cmpdf2.o)
 .ARM.attributes
                0x0000000000000c32       0x1d /Applications/Ac6/SystemWorkbench.app/Contents/Eclipse/plugins/fr.ac6.mcu.externaltools.arm-none.macos64_1.17.0.201812190825/tools/compiler/bin/../lib/gcc/arm-none-eabi/7.3.1/thumb/v7-m/libgcc.a(_arm_unorddf2.o)
 .ARM.attributes
                0x0000000000000c4f       0x1d /Applications/Ac6/SystemWorkbench.app/Contents/Eclipse/plugins/fr.ac6.mcu.externaltools.arm-none.macos64_1.17.0.201812190825/tools/compiler/bin/../lib/gcc/arm-none-eabi/7.3.1/thumb/v7-m/libgcc.a(_arm_fixdfsi.o)
 .ARM.attributes
                0x0000000000000c6c       0x1d /Applications/Ac6/SystemWorkbench.app/Contents/Eclipse/plugins/fr.ac6.mcu.externaltools.arm-none.macos64_1.17.0.201812190825/tools/compiler/bin/../lib/gcc/arm-none-eabi/7.3.1/thumb/v7-m/crtn.o
OUTPUT(433_modem.elf elf32-littlearm)

.debug_info     0x0000000000000000    0x2e39b
 .debug_info    0x0000000000000000      0xf0d Drivers/STM32F1xx_HAL_Driver/Src/stm32f1xx_hal.o
 .debug_info    0x0000000000000f0d     0x18be Drivers/STM32F1xx_HAL_Driver/Src/stm32f1xx_hal_adc.o
 .debug_info    0x00000000000027cb     0x1478 Drivers/STM32F1xx_HAL_Driver/Src/stm32f1xx_hal_cortex.o
 .debug_info    0x0000000000003c43      0xec8 Drivers/STM32F1xx_HAL_Driver/Src/stm32f1xx_hal_dma.o
 .debug_info    0x0000000000004b0b      0xe8c Drivers/STM32F1xx_HAL_Driver/Src/stm32f1xx_hal_gpio.o
 .debug_info    0x0000000000005997     0x343d Drivers/STM32F1xx_HAL_Driver/Src/stm32f1xx_hal_i2c.o
 .debug_info    0x0000000000008dd4     0x1a2b Drivers/STM32F1xx_HAL_Driver/Src/stm32f1xx_hal_rcc.o
 .debug_info    0x000000000000a7ff      0xdc4 Drivers/STM32F1xx_HAL_Driver/Src/stm32f1xx_hal_rcc_ex.o
 .debug_info    0x000000000000b5c3     0x1dc0 Drivers/STM32F1xx_HAL_Driver/Src/stm32f1xx_hal_spi.o
 .debug_info    0x000000000000d383      0xe0c Drivers/STM32F1xx_HAL_Driver/Src/stm32f1xx_hal_spi_ex.o
 .debug_info    0x000000000000e18f     0x3e1a Drivers/STM32F1xx_HAL_Driver/Src/stm32f1xx_hal_tim.o
 .debug_info    0x0000000000011fa9     0x1a5d Drivers/STM32F1xx_HAL_Driver/Src/stm32f1xx_hal_tim_ex.o
 .debug_info    0x0000000000013a06     0x191e Drivers/STM32F1xx_HAL_Driver/Src/stm32f1xx_hal_uart.o
 .debug_info    0x0000000000015324     0x183e Src/433Modem.o
 .debug_info    0x0000000000016b62     0x15a4 Src/Alligator.o
 .debug_info    0x0000000000018106     0x131e Src/CC1101.o
 .debug_info    0x0000000000019424     0x1745 Src/Fun_Menu.o
 .debug_info    0x000000000001ab69     0x16e6 Src/Menu.o
 .debug_info    0x000000000001c24f      0xf66 Src/Princeton.o
 .debug_info    0x000000000001d1b5      0xf66 Src/PrincetonPT2240.o
 .debug_info    0x000000000001e11b     0x15a3 Src/StarLine.o
 .debug_info    0x000000000001f6be      0xf92 Src/came.o
 .debug_info    0x0000000000020650      0xaf6 Src/dwt_stm32_delay.o
 .debug_info    0x0000000000021146      0xaf3 Src/fonts.o
 .debug_info    0x0000000000021c39     0x1540 Src/keelog.o
 .debug_info    0x0000000000023179     0x2cf2 Src/main.o
 .debug_info    0x0000000000025e6b      0xf92 Src/nice.o
 .debug_info    0x0000000000026dfd     0x2ad0 Src/ssd1306.o
 .debug_info    0x00000000000298cd     0x1f17 Src/stm32f1xx_hal_msp.o
 .debug_info    0x000000000002b7e4      0xf87 Src/stm32f1xx_it.o
 .debug_info    0x000000000002c76b      0xff9 Src/syscalls.o
 .debug_info    0x000000000002d764      0xc15 Src/system_stm32f1xx.o
 .debug_info    0x000000000002e379       0x22 startup/startup_stm32f103xb.o

.debug_abbrev   0x0000000000000000     0x6794
 .debug_abbrev  0x0000000000000000      0x34e Drivers/STM32F1xx_HAL_Driver/Src/stm32f1xx_hal.o
 .debug_abbrev  0x000000000000034e      0x355 Drivers/STM32F1xx_HAL_Driver/Src/stm32f1xx_hal_adc.o
 .debug_abbrev  0x00000000000006a3      0x3a9 Drivers/STM32F1xx_HAL_Driver/Src/stm32f1xx_hal_cortex.o
 .debug_abbrev  0x0000000000000a4c      0x2e8 Drivers/STM32F1xx_HAL_Driver/Src/stm32f1xx_hal_dma.o
 .debug_abbrev  0x0000000000000d34      0x2a5 Drivers/STM32F1xx_HAL_Driver/Src/stm32f1xx_hal_gpio.o
 .debug_abbrev  0x0000000000000fd9      0x3e6 Drivers/STM32F1xx_HAL_Driver/Src/stm32f1xx_hal_i2c.o
 .debug_abbrev  0x00000000000013bf      0x386 Drivers/STM32F1xx_HAL_Driver/Src/stm32f1xx_hal_rcc.o
 .debug_abbrev  0x0000000000001745      0x33c Drivers/STM32F1xx_HAL_Driver/Src/stm32f1xx_hal_rcc_ex.o